Archive member included to satisfy reference by file (symbol)

C:/ST/STM32CubeIDE_1.16.0/STM32CubeIDE/plugins/com.st.stm32cube.ide.mcu.externaltools.gnu-tools-for-stm32.13.3.rel1.win32_1.0.0.202411081344/tools/bin/../lib/gcc/arm-none-eabi/13.3.1/../../../../arm-none-eabi/lib/thumb/v7e-m+dp/hard\libc_nano.a(libc_a-exit.o)
                              C:/ST/STM32CubeIDE_1.16.0/STM32CubeIDE/plugins/com.st.stm32cube.ide.mcu.externaltools.gnu-tools-for-stm32.13.3.rel1.win32_1.0.0.202411081344/tools/bin/../lib/gcc/arm-none-eabi/13.3.1/../../../../arm-none-eabi/lib/thumb/v7e-m+dp/hard/crt0.o (exit)
C:/ST/STM32CubeIDE_1.16.0/STM32CubeIDE/plugins/com.st.stm32cube.ide.mcu.externaltools.gnu-tools-for-stm32.13.3.rel1.win32_1.0.0.202411081344/tools/bin/../lib/gcc/arm-none-eabi/13.3.1/../../../../arm-none-eabi/lib/thumb/v7e-m+dp/hard\libc_nano.a(libc_a-findfp.o)
                              ./Middlewares/Third_Party/FreeRTOS/Source/tasks.o (__sf)
C:/ST/STM32CubeIDE_1.16.0/STM32CubeIDE/plugins/com.st.stm32cube.ide.mcu.externaltools.gnu-tools-for-stm32.13.3.rel1.win32_1.0.0.202411081344/tools/bin/../lib/gcc/arm-none-eabi/13.3.1/../../../../arm-none-eabi/lib/thumb/v7e-m+dp/hard\libc_nano.a(libc_a-fwalk.o)
                              C:/ST/STM32CubeIDE_1.16.0/STM32CubeIDE/plugins/com.st.stm32cube.ide.mcu.externaltools.gnu-tools-for-stm32.13.3.rel1.win32_1.0.0.202411081344/tools/bin/../lib/gcc/arm-none-eabi/13.3.1/../../../../arm-none-eabi/lib/thumb/v7e-m+dp/hard\libc_nano.a(libc_a-findfp.o) (_fwalk_sglue)
C:/ST/STM32CubeIDE_1.16.0/STM32CubeIDE/plugins/com.st.stm32cube.ide.mcu.externaltools.gnu-tools-for-stm32.13.3.rel1.win32_1.0.0.202411081344/tools/bin/../lib/gcc/arm-none-eabi/13.3.1/../../../../arm-none-eabi/lib/thumb/v7e-m+dp/hard\libc_nano.a(libc_a-stdio.o)
                              C:/ST/STM32CubeIDE_1.16.0/STM32CubeIDE/plugins/com.st.stm32cube.ide.mcu.externaltools.gnu-tools-for-stm32.13.3.rel1.win32_1.0.0.202411081344/tools/bin/../lib/gcc/arm-none-eabi/13.3.1/../../../../arm-none-eabi/lib/thumb/v7e-m+dp/hard\libc_nano.a(libc_a-findfp.o) (__sread)
C:/ST/STM32CubeIDE_1.16.0/STM32CubeIDE/plugins/com.st.stm32cube.ide.mcu.externaltools.gnu-tools-for-stm32.13.3.rel1.win32_1.0.0.202411081344/tools/bin/../lib/gcc/arm-none-eabi/13.3.1/../../../../arm-none-eabi/lib/thumb/v7e-m+dp/hard\libc_nano.a(libc_a-memset.o)
                              C:/ST/STM32CubeIDE_1.16.0/STM32CubeIDE/plugins/com.st.stm32cube.ide.mcu.externaltools.gnu-tools-for-stm32.13.3.rel1.win32_1.0.0.202411081344/tools/bin/../lib/gcc/arm-none-eabi/13.3.1/../../../../arm-none-eabi/lib/thumb/v7e-m+dp/hard/crt0.o (memset)
C:/ST/STM32CubeIDE_1.16.0/STM32CubeIDE/plugins/com.st.stm32cube.ide.mcu.externaltools.gnu-tools-for-stm32.13.3.rel1.win32_1.0.0.202411081344/tools/bin/../lib/gcc/arm-none-eabi/13.3.1/../../../../arm-none-eabi/lib/thumb/v7e-m+dp/hard\libc_nano.a(libc_a-closer.o)
                              C:/ST/STM32CubeIDE_1.16.0/STM32CubeIDE/plugins/com.st.stm32cube.ide.mcu.externaltools.gnu-tools-for-stm32.13.3.rel1.win32_1.0.0.202411081344/tools/bin/../lib/gcc/arm-none-eabi/13.3.1/../../../../arm-none-eabi/lib/thumb/v7e-m+dp/hard\libc_nano.a(libc_a-stdio.o) (_close_r)
C:/ST/STM32CubeIDE_1.16.0/STM32CubeIDE/plugins/com.st.stm32cube.ide.mcu.externaltools.gnu-tools-for-stm32.13.3.rel1.win32_1.0.0.202411081344/tools/bin/../lib/gcc/arm-none-eabi/13.3.1/../../../../arm-none-eabi/lib/thumb/v7e-m+dp/hard\libc_nano.a(libc_a-reent.o)
                              ./Middlewares/Third_Party/FreeRTOS/Source/tasks.o (_reclaim_reent)
C:/ST/STM32CubeIDE_1.16.0/STM32CubeIDE/plugins/com.st.stm32cube.ide.mcu.externaltools.gnu-tools-for-stm32.13.3.rel1.win32_1.0.0.202411081344/tools/bin/../lib/gcc/arm-none-eabi/13.3.1/../../../../arm-none-eabi/lib/thumb/v7e-m+dp/hard\libc_nano.a(libc_a-impure.o)
                              ./Middlewares/Third_Party/FreeRTOS/Source/tasks.o (_impure_ptr)
C:/ST/STM32CubeIDE_1.16.0/STM32CubeIDE/plugins/com.st.stm32cube.ide.mcu.externaltools.gnu-tools-for-stm32.13.3.rel1.win32_1.0.0.202411081344/tools/bin/../lib/gcc/arm-none-eabi/13.3.1/../../../../arm-none-eabi/lib/thumb/v7e-m+dp/hard\libc_nano.a(libc_a-lseekr.o)
                              C:/ST/STM32CubeIDE_1.16.0/STM32CubeIDE/plugins/com.st.stm32cube.ide.mcu.externaltools.gnu-tools-for-stm32.13.3.rel1.win32_1.0.0.202411081344/tools/bin/../lib/gcc/arm-none-eabi/13.3.1/../../../../arm-none-eabi/lib/thumb/v7e-m+dp/hard\libc_nano.a(libc_a-stdio.o) (_lseek_r)
C:/ST/STM32CubeIDE_1.16.0/STM32CubeIDE/plugins/com.st.stm32cube.ide.mcu.externaltools.gnu-tools-for-stm32.13.3.rel1.win32_1.0.0.202411081344/tools/bin/../lib/gcc/arm-none-eabi/13.3.1/../../../../arm-none-eabi/lib/thumb/v7e-m+dp/hard\libc_nano.a(libc_a-readr.o)
[...]
Memory Configuration

Name             Origin             Length             Attributes
RAM              0x20000000         0x00080000         xrw
FLASH            0x08000000         0x00200000         xr
*default*        0x00000000         0xffffffff

Linker script and memory map

LOAD C:/ST/STM32CubeIDE_1.16.0/STM32CubeIDE/plugins/com.st.stm32cube.ide.mcu.externaltools.gnu-tools-for-stm32.13.3.rel1.win32_1.0.0.202411081344/tools/bin/../lib/gcc/arm-none-eabi/13.3.1/thumb/v7e-m+dp/hard/crti.o
LOAD C:/ST/STM32CubeIDE_1.16.0/STM32CubeIDE/plugins/com.st.stm32cube.ide.mcu.externaltools.gnu-tools-for-stm32.13.3.rel1.win32_1.0.0.202411081344/tools/bin/../lib/gcc/arm-none-eabi/13.3.1/thumb/v7e-m+dp/hard/crtbegin.o
LOAD C:/ST/STM32CubeIDE_1.16.0/STM32CubeIDE/plugins/com.st.stm32cube.ide.mcu.externaltools.gnu-tools-for-stm32.13.3.rel1.win32_1.0.0.202411081344/tools/bin/../lib/gcc/arm-none-eabi/13.3.1/../../../../arm-none-eabi/lib/thumb/v7e-m+dp/hard/crt0.o
LOAD ./Core/Src/freertos.o
LOAD ./Core/Src/main.o
LOAD ./Core/Src/stm32f7xx_hal_msp.o
LOAD ./Core/Src/stm32f7xx_hal_timebase_tim.o
LOAD ./Core/Src/stm32f7xx_it.o
LOAD ./Core/Src/syscalls.o
LOAD ./Core/Src/sysmem.o
LOAD ./Core/Src/system_stm32f7xx.o
LOAD ./Core/Startup/startup_stm32f767zitx.o
LOAD ./Drivers/STM32F7xx_HAL_Driver/Src/stm32f7xx_hal.o
LOAD ./Drivers/STM32F7xx_HAL_Driver/Src/stm32f7xx_hal_cortex.o
LOAD ./Drivers/STM32F7xx_HAL_Driver/Src/stm32f7xx_hal_dma.o
LOAD ./Drivers/STM32F7xx_HAL_Driver/Src/stm32f7xx_hal_dma_ex.o
LOAD ./Drivers/STM32F7xx_HAL_Driver/Src/stm32f7xx_hal_eth.o
LOAD ./Drivers/STM32F7xx_HAL_Driver/Src/stm32f7xx_hal_exti.o
LOAD ./Drivers/STM32F7xx_HAL_Driver/Src/stm32f7xx_hal_flash.o
LOAD ./Drivers/STM32F7xx_HAL_Driver/Src/stm32f7xx_hal_flash_ex.o
LOAD ./Drivers/STM32F7xx_HAL_Driver/Src/stm32f7xx_hal_gpio.o
LOAD ./Drivers/STM32F7xx_HAL_Driver/Src/stm32f7xx_hal_i2c.o
LOAD ./Drivers/STM32F7xx_HAL_Driver/Src/stm32f7xx_hal_i2c_ex.o
LOAD ./Drivers/STM32F7xx_HAL_Driver/Src/stm32f7xx_hal_pcd.o
LOAD ./Drivers/STM32F7xx_HAL_Driver/Src/stm32f7xx_hal_pcd_ex.o
LOAD ./Drivers/STM32F7xx_HAL_Driver/Src/stm32f7xx_hal_pwr.o
LOAD ./Drivers/STM32F7xx_HAL_Driver/Src/stm32f7xx_hal_pwr_ex.o
LOAD ./Drivers/STM32F7xx_HAL_Driver/Src/stm32f7xx_hal_rcc.o
LOAD ./Drivers/STM32F7xx_HAL_Driver/Src/stm32f7xx_hal_rcc_ex.o
LOAD ./Drivers/STM32F7xx_HAL_Driver/Src/stm32f7xx_hal_tim.o
LOAD ./Drivers/STM32F7xx_HAL_Driver/Src/stm32f7xx_hal_tim_ex.o
LOAD ./Drivers/STM32F7xx_HAL_Driver/Src/stm32f7xx_hal_uart.o
LOAD ./Drivers/STM32F7xx_HAL_Driver/Src/stm32f7xx_hal_uart_ex.o
LOAD ./Drivers/STM32F7xx_HAL_Driver/Src/stm32f7xx_ll_usb.o
LOAD ./Middlewares/Third_Party/FreeRTOS/Source/CMSIS_RTOS_V2/cmsis_os2.o
LOAD ./Middlewares/Third_Party/FreeRTOS/Source/croutine.o
LOAD ./Middlewares/Third_Party/FreeRTOS/Source/event_groups.o
LOAD ./Middlewares/Third_Party/FreeRTOS/Source/list.o
LOAD ./Middlewares/Third_Party/FreeRTOS/Source/queue.o
LOAD ./Middlewares/Third_Party/FreeRTOS/Source/stream_buffer.o
LOAD ./Middlewares/Third_Party/FreeRTOS/Source/tasks.o
LOAD ./Middlewares/Third_Party/FreeRTOS/Source/timers.o
LOAD ./Middlewares/Third_Party/FreeRTOS/Source/portable/GCC/ARM_CM7/r0p1/port.o
LOAD ./Middlewares/Third_Party/FreeRTOS/Source/portable/MemMang/heap_4.o
START GROUP
LOAD C:/ST/STM32CubeIDE_1.16.0/STM32CubeIDE/plugins/com.st.stm32cube.ide.mcu.externaltools.gnu-tools-for-stm32.13.3.rel1.win32_1.0.0.202411081344/tools/bin/../lib/gcc/arm-none-eabi/13.3.1/../../../../arm-none-eabi/lib/thumb/v7e-m+dp/hard\libc_nano.a
LOAD C:/ST/STM32CubeIDE_1.16.0/STM32CubeIDE/plugins/com.st.stm32cube.ide.mcu.externaltools.gnu-tools-for-stm32.13.3.rel1.win32_1.0.0.202411081344/tools/bin/../lib/gcc/arm-none-eabi/13.3.1/../../../../arm-none-eabi/lib/thumb/v7e-m+dp/hard\libm.a
END GROUP
START GROUP
LOAD C:/ST/STM32CubeIDE_1.16.0/STM32CubeIDE/plugins/com.st.stm32cube.ide.mcu.externaltools.gnu-tools-for-stm32.13.3.rel1.win32_1.0.0.202411081344/tools/bin/../lib/gcc/arm-none-eabi/13.3.1/thumb/v7e-m+dp/hard\libgcc.a
LOAD C:/ST/STM32CubeIDE_1.16.0/STM32CubeIDE/plugins/com.st.stm32cube.ide.mcu.externaltools.gnu-tools-for-stm32.13.3.rel1.win32_1.0.0.202411081344/tools/bin/../lib/gcc/arm-none-eabi/13.3.1/../../../../arm-none-eabi/lib/thumb/v7e-m+dp/hard\libc_nano.a
END GROUP
START GROUP
LOAD C:/ST/STM32CubeIDE_1.16.0/STM32CubeIDE/plugins/com.st.stm32cube.ide.mcu.externaltools.gnu-tools-for-stm32.13.3.rel1.win32_1.0.0.202411081344/tools/bin/../lib/gcc/arm-none-eabi/13.3.1/thumb/v7e-m+dp/hard\libgcc.a
LOAD C:/ST/STM32CubeIDE_1.16.0/STM32CubeIDE/plugins/com.st.stm32cube.ide.mcu.externaltools.gnu-tools-for-stm32.13.3.rel1.win32_1.0.0.202411081344/tools/bin/../lib/gcc/arm-none-eabi/13.3.1/../../../../arm-none-eabi/lib/thumb/v7e-m+dp/hard\libc_nano.a
LOAD C:/ST/STM32CubeIDE_1.16.0/STM32CubeIDE/plugins/com.st.stm32cube.ide.mcu.externaltools.gnu-tools-for-stm32.13.3.rel1.win32_1.0.0.202411081344/tools/bin/../lib/gcc/arm-none-eabi/13.3.1/../../../../arm-none-eabi/lib/thumb/v7e-m+dp/hard\libnosys.a
END GROUP
START GROUP
LOAD C:/ST/STM32CubeIDE_1.16.0/STM32CubeIDE/plugins/com.st.stm32cube.ide.mcu.externaltools.gnu-tools-for-stm32.13.3.rel1.win32_1.0.0.202411081344/tools/bin/../lib/gcc/arm-none-eabi/13.3.1/thumb/v7e-m+dp/hard\libgcc.a
LOAD C:/ST/STM32CubeIDE_1.16.0/STM32CubeIDE/plugins/com.st.stm32cube.ide.mcu.externaltools.gnu-tools-for-stm32.13.3.rel1.win32_1.0.0.202411081344/tools/bin/../lib/gcc/arm-none-eabi/13.3.1/../../../../arm-none-eabi/lib/thumb/v7e-m+dp/hard\libc_nano.a
LOAD C:/ST/STM32CubeIDE_1.16.0/STM32CubeIDE/plugins/com.st.stm32cube.ide.mcu.externaltools.gnu-tools-for-stm32.13.3.rel1.win32_1.0.0.202411081344/tools/bin/../lib/gcc/arm-none-eabi/13.3.1/../../../../arm-none-eabi/lib/thumb/v7e-m+dp/hard\libnosys.a
END GROUP
LOAD C:/ST/STM32CubeIDE_1.16.0/STM32CubeIDE/plugins/com.st.stm32cube.ide.mcu.externaltools.gnu-tools-for-stm32.13.3.rel1.win32_1.0.0.202411081344/tools/bin/../lib/gcc/arm-none-eabi/13.3.1/thumb/v7e-m+dp/hard/crtend.o
LOAD C:/ST/STM32CubeIDE_1.16.0/STM32CubeIDE/plugins/com.st.stm32cube.ide.mcu.externaltools.gnu-tools-for-stm32.13.3.rel1.win32_1.0.0.202411081344/tools/bin/../lib/gcc/arm-none-eabi/13.3.1/thumb/v7e-m+dp/hard/crtn.o
                0x20080000                        _estack = (ORIGIN (RAM) + LENGTH (RAM))
                0x00000200                        _Min_Heap_Size = 0x200
                0x00000400                        _Min_Stack_Size = 0x400

.isr_vector     0x08000000      0x1f8
                0x08000000                        . = ALIGN (0x4)
 *(.isr_vector)
 .isr_vector    0x08000000      0x1f8 ./Core/Startup/startup_stm32f767zitx.o
                0x08000000                g_pfnVectors
                0x080001f8                        . = ALIGN (0x4)

.text           0x08000200     0x7f74
                0x08000200                        . = ALIGN (0x4)
 *(.text)
 .text          0x08000200       0x40 C:/ST/STM32CubeIDE_1.16.0/STM32CubeIDE/plugins/com.st.stm32cube.ide.mcu.externaltools.gnu-tools-for-stm32.13.3.rel1.win32_1.0.0.202411081344/tools/bin/../lib/gcc/arm-none-eabi/13.3.1/thumb/v7e-m+dp/hard/crtbegin.o
 .text          0x08000240       0x10 C:/ST/STM32CubeIDE_1.16.0/STM32CubeIDE/plugins/com.st.stm32cube.ide.mcu.externaltools.gnu-tools-for-stm32.13.3.rel1.win32_1.0.0.202411081344/tools/bin/../lib/gcc/arm-none-eabi/13.3.1/../../../../arm-none-eabi/lib/thumb/v7e-m+dp/hard\libc_nano.a(libc_a-strlen.o)
                0x08000240                strlen
 .text          0x08000250       0x30 C:/ST/STM32CubeIDE_1.16.0/STM32CubeIDE/plugins/com.st.stm32cube.ide.mcu.externaltools.gnu-tools-for-stm32.13.3.rel1.win32_1.0.0.202411081344/tools/bin/../lib/gcc/arm-none-eabi/13.3.1/thumb/v7e-m+dp/hard\libgcc.a(_aeabi_uldivmod.o)
                0x08000250                __aeabi_uldivmod
 .text          0x08000280      0x2f8 C:/ST/STM32CubeIDE_1.16.0/STM32CubeIDE/plugins/com.st.stm32cube.ide.mcu.externaltools.gnu-tools-for-stm32.13.3.rel1.win32_1.0.0.202411081344/tools/bin/../lib/gcc/arm-none-eabi/13.3.1/thumb/v7e-m+dp/hard\libgcc.a(_udivmoddi4.o)
                0x08000280                __udivmoddi4
 .text          0x08000578        0x4 C:/ST/STM32CubeIDE_1.16.0/STM32CubeIDE/plugins/com.st.stm32cube.ide.mcu.externaltools.gnu-tools-for-stm32.13.3.rel1.win32_1.0.0.202411081344/tools/bin/../lib/gcc/arm-none-eabi/13.3.1/thumb/v7e-m+dp/hard\libgcc.a(_dvmd_tls.o)
                0x08000578                __aeabi_idiv0
                0x08000578                __aeabi_ldiv0
 *(.text*)
 .text.main     0x0800057c       0x94 ./Core/Src/main.o
                0x0800057c                main
 .text.SystemClock_Config
                0x08000610       0xe4 ./Core/Src/main.o
                0x08000610                SystemClock_Config
 .text.MX_ETH_Init
                0x080006f4       0x9c ./Core/Src/main.o
 .text.MX_USART3_UART_Init
                0x08000790       0x60 ./Core/Src/main.o
 .text.MX_USB_OTG_FS_PCD_Init
                0x080007f0       0x5c ./Core/Src/main.o
 .text.MX_GPIO_Init
                0x0800084c      0x144 ./Core/Src/main.o
 .text.Task01Fun
                0x08000990       0x78 ./Core/Src/main.o
                0x08000990                Task01Fun
 .text.Task02Fun
                0x08000a08       0x7c ./Core/Src/main.o
                0x08000a08                Task02Fun
 .text.Task03Fun
                0x08000a84       0x78 ./Core/Src/main.o
                0x08000a84                Task03Fun
 .text.HAL_TIM_PeriodElapsedCallback
                0x08000afc       0x24 ./Core/Src/main.o
                0x08000afc                HAL_TIM_PeriodElapsedCallback
 .text.Error_Handler
                0x08000b20        0xc ./Core/Src/main.o
                0x08000b20                Error_Handler
 .text.HAL_MspInit
                0x08000b2c       0x50 ./Core/Src/stm32f7xx_hal_msp.o
                0x08000b2c                HAL_MspInit
 .text.HAL_ETH_MspInit
                0x08000b7c      0x170 ./Core/Src/stm32f7xx_hal_msp.o
                0x08000b7c                HAL_ETH_MspInit
 .text.HAL_UART_MspInit
                0x08000cec       0xc0 ./Core/Src/stm32f7xx_hal_msp.o
                0x08000cec                HAL_UART_MspInit
 .text.HAL_PCD_MspInit
                0x08000dac       0xf4 ./Core/Src/stm32f7xx_hal_msp.o
                0x08000dac                HAL_PCD_MspInit
 .text.HAL_InitTick
                0x08000ea0       0xe0 ./Core/Src/stm32f7xx_hal_timebase_tim.o
                0x08000ea0                HAL_InitTick
 .text.NMI_Handler
                0x08000f80        0x8 ./Core/Src/stm32f7xx_it.o
                0x08000f80                NMI_Handler
 .text.HardFault_Handler
                0x08000f88        0x8 ./Core/Src/stm32f7xx_it.o
                0x08000f88                HardFault_Handler
 .text.MemManage_Handler
                0x08000f90        0x8 ./Core/Src/stm32f7xx_it.o
                0x08000f90                MemManage_Handler
 .text.BusFault_Handler
                0x08000f98        0x8 ./Core/Src/stm32f7xx_it.o
                0x08000f98                BusFault_Handler
 .text.UsageFault_Handler
                0x08000fa0        0x8 ./Core/Src/stm32f7xx_it.o
                0x08000fa0                UsageFault_Handler
 .text.DebugMon_Handler
                0x08000fa8        0xe ./Core/Src/stm32f7xx_it.o
                0x08000fa8                DebugMon_Handler
 *fill*         0x08000fb6        0x2 
 .text.TIM1_UP_TIM10_IRQHandler
                0x08000fb8       0x14 ./Core/Src/stm32f7xx_it.o
                0x08000fb8                TIM1_UP_TIM10_IRQHandler
 .text.SystemInit
                0x08000fcc       0x24 ./Core/Src/system_stm32f7xx.o
                0x08000fcc                SystemInit
 .text.Reset_Handler
                0x08000ff0       0x50 ./Core/Startup/startup_stm32f767zitx.o
                0x08000ff0                Reset_Handler
 .text.Default_Handler
                0x08001040        0x2 ./Core/Startup/startup_stm32f767zitx.o
                0x08001040                RTC_Alarm_IRQHandler
                0x08001040                EXTI2_IRQHandler
                0x08001040                TIM8_CC_IRQHandler
                0x08001040                UART8_IRQHandler
                0x08001040                SPI4_IRQHandler
                0x08001040                TIM1_CC_IRQHandler
                0x08001040                DMA2_Stream5_IRQHandler
                0x08001040                JPEG_IRQHandler
                0x08001040                DMA1_Stream5_IRQHandler
                0x08001040                CAN3_RX1_IRQHandler
                0x08001040                PVD_IRQHandler
                0x08001040                TAMP_STAMP_IRQHandler
                0x08001040                CAN2_RX1_IRQHandler
                0x08001040                EXTI3_IRQHandler
                0x08001040                TIM8_TRG_COM_TIM14_IRQHandler
                0x08001040                DFSDM1_FLT1_IRQHandler
                0x08001040                TIM8_UP_TIM13_IRQHandler
                0x08001040                I2C3_ER_IRQHandler
                0x08001040                DFSDM1_FLT2_IRQHandler
                0x08001040                EXTI0_IRQHandler
                0x08001040                I2C2_EV_IRQHandler
                0x08001040                DMA1_Stream2_IRQHandler
                0x08001040                CAN1_RX0_IRQHandler
                0x08001040                FPU_IRQHandler
                0x08001040                OTG_HS_WKUP_IRQHandler
                0x08001040                CAN3_SCE_IRQHandler
                0x08001040                LTDC_ER_IRQHandler
                0x08001040                CAN2_SCE_IRQHandler
                0x08001040                DMA2_Stream2_IRQHandler
                0x08001040                SPI1_IRQHandler
                0x08001040                TIM6_DAC_IRQHandler
                0x08001040                TIM1_BRK_TIM9_IRQHandler
                0x08001040                DCMI_IRQHandler
                0x08001040                CAN2_RX0_IRQHandler
                0x08001040                DMA2_Stream3_IRQHandler
                0x08001040                SAI2_IRQHandler
                0x08001040                DFSDM1_FLT3_IRQHandler
                0x08001040                USART6_IRQHandler
                0x08001040                CAN3_RX0_IRQHandler
                0x08001040                USART3_IRQHandler
                0x08001040                CAN1_RX1_IRQHandler
                0x08001040                UART5_IRQHandler
                0x08001040                DMA2_Stream0_IRQHandler
                0x08001040                TIM4_IRQHandler
                0x08001040                QUADSPI_IRQHandler
                0x08001040                I2C1_EV_IRQHandler
                0x08001040                DMA1_Stream6_IRQHandler
                0x08001040                DMA1_Stream1_IRQHandler
                0x08001040                UART4_IRQHandler
                0x08001040                TIM3_IRQHandler
                0x08001040                RCC_IRQHandler
                0x08001040                TIM8_BRK_TIM12_IRQHandler
                0x08001040                Default_Handler
                0x08001040                CEC_IRQHandler
                0x08001040                EXTI15_10_IRQHandler
                0x08001040                ADC_IRQHandler
                0x08001040                DMA1_Stream7_IRQHandler
                0x08001040                SPI5_IRQHandler
                0x08001040                TIM7_IRQHandler
                0x08001040                SDMMC1_IRQHandler
                0x08001040                CAN2_TX_IRQHandler
                0x08001040                TIM5_IRQHandler
                0x08001040                DMA2_Stream7_IRQHandler
                0x08001040                I2C3_EV_IRQHandler
                0x08001040                EXTI9_5_IRQHandler
                0x08001040                RTC_WKUP_IRQHandler
                0x08001040                LTDC_IRQHandler
                0x08001040                ETH_WKUP_IRQHandler
                0x08001040                SPDIF_RX_IRQHandler
                0x08001040                SPI2_IRQHandler
                0x08001040                OTG_HS_EP1_IN_IRQHandler
                0x08001040                DMA1_Stream0_IRQHandler
                0x08001040                CAN1_TX_IRQHandler
                0x08001040                EXTI4_IRQHandler
                0x08001040                RNG_IRQHandler
                0x08001040                ETH_IRQHandler
                0x08001040                OTG_HS_EP1_OUT_IRQHandler
                0x08001040                WWDG_IRQHandler
                0x08001040                SPI6_IRQHandler
                0x08001040                MDIOS_IRQHandler
                0x08001040                I2C4_EV_IRQHandler
                0x08001040                CAN3_TX_IRQHandler
                0x08001040                TIM2_IRQHandler
                0x08001040                OTG_FS_WKUP_IRQHandler
                0x08001040                TIM1_TRG_COM_TIM11_IRQHandler
                0x08001040                OTG_HS_IRQHandler
                0x08001040                DMA2D_IRQHandler
                0x08001040                EXTI1_IRQHandler
                0x08001040                SDMMC2_IRQHandler
                0x08001040                UART7_IRQHandler
                0x08001040                USART2_IRQHandler
                0x08001040                DFSDM1_FLT0_IRQHandler
                0x08001040                I2C2_ER_IRQHandler
                0x08001040                DMA2_Stream1_IRQHandler
                0x08001040                CAN1_SCE_IRQHandler
                0x08001040                FLASH_IRQHandler
                0x08001040                DMA2_Stream4_IRQHandler
                0x08001040                USART1_IRQHandler
                0x08001040                OTG_FS_IRQHandler
                0x08001040                SPI3_IRQHandler
                0x08001040                DMA1_Stream4_IRQHandler
                0x08001040                I2C1_ER_IRQHandler
                0x08001040                FMC_IRQHandler
                0x08001040                LPTIM1_IRQHandler
                0x08001040                I2C4_ER_IRQHandler
                0x08001040                DMA2_Stream6_IRQHandler
                0x08001040                SAI1_IRQHandler
                0x08001040                DMA1_Stream3_IRQHandler
 .text.HAL_Init
                0x08001042       0x1a ./Drivers/STM32F7xx_HAL_Driver/Src/stm32f7xx_hal.o
                0x08001042                HAL_Init
 .text.HAL_IncTick
                0x0800105c       0x28 ./Drivers/STM32F7xx_HAL_Driver/Src/stm32f7xx_hal.o
                0x0800105c                HAL_IncTick
 .text.HAL_GetTick
                0x08001084       0x18 ./Drivers/STM32F7xx_HAL_Driver/Src/stm32f7xx_hal.o
                0x08001084                HAL_GetTick
 .text.HAL_Delay
                0x0800109c       0x48 ./Drivers/STM32F7xx_HAL_Driver/Src/stm32f7xx_hal.o
                0x0800109c                HAL_Delay
 .text.__NVIC_SetPriorityGrouping
                0x080010e4       0x48 ./Drivers/STM32F7xx_HAL_Driver/Src/stm32f7xx_hal_cortex.o
 .text.__NVIC_GetPriorityGrouping
                0x0800112c       0x1c ./Drivers/STM32F7xx_HAL_Driver/Src/stm32f7xx_hal_cortex.o
 .text.__NVIC_EnableIRQ
                0x08001148       0x3c ./Drivers/STM32F7xx_HAL_Driver/Src/stm32f7xx_hal_cortex.o
 .text.__NVIC_SetPriority
                0x08001184       0x54 ./Drivers/STM32F7xx_HAL_Driver/Src/stm32f7xx_hal_cortex.o
 .text.NVIC_EncodePriority
                0x080011d8       0x66 ./Drivers/STM32F7xx_HAL_Driver/Src/stm32f7xx_hal_cortex.o
 .text.HAL_NVIC_SetPriorityGrouping
                0x0800123e       0x16 ./Drivers/STM32F7xx_HAL_Driver/Src/stm32f7xx_hal_cortex.o
                0x0800123e                HAL_NVIC_SetPriorityGrouping
 .text.HAL_NVIC_SetPriority
                0x08001254       0x38 ./Drivers/STM32F7xx_HAL_Driver/Src/stm32f7xx_hal_cortex.o
                0x08001254                HAL_NVIC_SetPriority
 .text.HAL_NVIC_EnableIRQ
                0x0800128c       0x1c ./Drivers/STM32F7xx_HAL_Driver/Src/stm32f7xx_hal_cortex.o
                0x0800128c                HAL_NVIC_EnableIRQ
 .text.HAL_ETH_Init
                0x080012a8      0x134 ./Drivers/STM32F7xx_HAL_Driver/Src/stm32f7xx_hal_eth.o
                0x080012a8                HAL_ETH_Init
 .text.ETH_SetMACConfig
                0x080013dc      0x168 ./Drivers/STM32F7xx_HAL_Driver/Src/stm32f7xx_hal_eth.o
 .text.ETH_SetDMAConfig
                0x08001544      0x114 ./Drivers/STM32F7xx_HAL_Driver/Src/stm32f7xx_hal_eth.o
 .text.ETH_MACDMAConfig
                0x08001658       0xea ./Drivers/STM32F7xx_HAL_Driver/Src/stm32f7xx_hal_eth.o
 *fill*         0x08001742        0x2 
 .text.ETH_MACAddressConfig
                0x08001744       0x70 ./Drivers/STM32F7xx_HAL_Driver/Src/stm32f7xx_hal_eth.o
 .text.ETH_DMATxDescListInit
                0x080017b4       0xb2 ./Drivers/STM32F7xx_HAL_Driver/Src/stm32f7xx_hal_eth.o
 .text.ETH_DMARxDescListInit
                0x08001866       0xde ./Drivers/STM32F7xx_HAL_Driver/Src/stm32f7xx_hal_eth.o
 .text.HAL_GPIO_Init
                0x08001944      0x358 ./Drivers/STM32F7xx_HAL_Driver/Src/stm32f7xx_hal_gpio.o
                0x08001944                HAL_GPIO_Init
 .text.HAL_GPIO_WritePin
                0x08001c9c       0x32 ./Drivers/STM32F7xx_HAL_Driver/Src/stm32f7xx_hal_gpio.o
                0x08001c9c                HAL_GPIO_WritePin
 .text.HAL_PCD_Init
                0x08001cce      0x22c ./Drivers/STM32F7xx_HAL_Driver/Src/stm32f7xx_hal_pcd.o
                0x08001cce                HAL_PCD_Init
 *fill*         0x08001efa        0x2 
 .text.HAL_PCDEx_ActivateLPM
                0x08001efc       0x48 ./Drivers/STM32F7xx_HAL_Driver/Src/stm32f7xx_hal_pcd_ex.o
                0x08001efc                HAL_PCDEx_ActivateLPM
 .text.HAL_PWR_EnableBkUpAccess
                0x08001f44       0x20 ./Drivers/STM32F7xx_HAL_Driver/Src/stm32f7xx_hal_pwr.o
                0x08001f44                HAL_PWR_EnableBkUpAccess
 .text.HAL_PWREx_EnableOverDrive
                0x08001f64       0xa0 ./Drivers/STM32F7xx_HAL_Driver/Src/stm32f7xx_hal_pwr_ex.o
                0x08001f64                HAL_PWREx_EnableOverDrive
 .text.HAL_RCC_OscConfig
                0x08002004      0x55c ./Drivers/STM32F7xx_HAL_Driver/Src/stm32f7xx_hal_rcc.o
                0x08002004                HAL_RCC_OscConfig
 .text.HAL_RCC_ClockConfig
                0x08002560      0x1d8 ./Drivers/STM32F7xx_HAL_Driver/Src/stm32f7xx_hal_rcc.o
                0x08002560                HAL_RCC_ClockConfig
 .text.HAL_RCC_GetSysClockFreq
                0x08002738      0x20c ./Drivers/STM32F7xx_HAL_Driver/Src/stm32f7xx_hal_rcc.o
                0x08002738                HAL_RCC_GetSysClockFreq
 .text.HAL_RCC_GetHCLKFreq
                0x08002944       0x18 ./Drivers/STM32F7xx_HAL_Driver/Src/stm32f7xx_hal_rcc.o
                0x08002944                HAL_RCC_GetHCLKFreq
 .text.HAL_RCC_GetPCLK1Freq
                0x0800295c       0x28 ./Drivers/STM32F7xx_HAL_Driver/Src/stm32f7xx_hal_rcc.o
                0x0800295c                HAL_RCC_GetPCLK1Freq
 .text.HAL_RCC_GetPCLK2Freq
                0x08002984       0x28 ./Drivers/STM32F7xx_HAL_Driver/Src/stm32f7xx_hal_rcc.o
                0x08002984                HAL_RCC_GetPCLK2Freq
 .text.HAL_RCC_GetClockConfig
                0x080029ac       0x64 ./Drivers/STM32F7xx_HAL_Driver/Src/stm32f7xx_hal_rcc.o
                0x080029ac                HAL_RCC_GetClockConfig
 .text.HAL_RCCEx_PeriphCLKConfig
                0x08002a10      0x850 ./Drivers/STM32F7xx_HAL_Driver/Src/stm32f7xx_hal_rcc_ex.o
                0x08002a10                HAL_RCCEx_PeriphCLKConfig
 .text.HAL_TIM_Base_Init
                0x08003260       0xae ./Drivers/STM32F7xx_HAL_Driver/Src/stm32f7xx_hal_tim.o
                0x08003260                HAL_TIM_Base_Init
 .text.HAL_TIM_Base_MspInit
                0x0800330e       0x14 ./Drivers/STM32F7xx_HAL_Driver/Src/stm32f7xx_hal_tim.o
                0x0800330e                HAL_TIM_Base_MspInit
 *fill*         0x08003322        0x2 
 .text.HAL_TIM_Base_Start_IT
                0x08003324       0xf0 ./Drivers/STM32F7xx_HAL_Driver/Src/stm32f7xx_hal_tim.o
                0x08003324                HAL_TIM_Base_Start_IT
 .text.HAL_TIM_IRQHandler
                0x08003414      0x20e ./Drivers/STM32F7xx_HAL_Driver/Src/stm32f7xx_hal_tim.o
                0x08003414                HAL_TIM_IRQHandler
 .text.HAL_TIM_OC_DelayElapsedCallback
                0x08003622       0x14 ./Drivers/STM32F7xx_HAL_Driver/Src/stm32f7xx_hal_tim.o
                0x08003622                HAL_TIM_OC_DelayElapsedCallback
 .text.HAL_TIM_IC_CaptureCallback
                0x08003636       0x14 ./Drivers/STM32F7xx_HAL_Driver/Src/stm32f7xx_hal_tim.o
                0x08003636                HAL_TIM_IC_CaptureCallback
 .text.HAL_TIM_PWM_PulseFinishedCallback
                0x0800364a       0x14 ./Drivers/STM32F7xx_HAL_Driver/Src/stm32f7xx_hal_tim.o
                0x0800364a                HAL_TIM_PWM_PulseFinishedCallback
 .text.HAL_TIM_TriggerCallback
                0x0800365e       0x14 ./Drivers/STM32F7xx_HAL_Driver/Src/stm32f7xx_hal_tim.o
                0x0800365e                HAL_TIM_TriggerCallback
 *fill*         0x08003672        0x2 
 .text.TIM_Base_SetConfig
                0x08003674      0x14c ./Drivers/STM32F7xx_HAL_Driver/Src/stm32f7xx_hal_tim.o
                0x08003674                TIM_Base_SetConfig
 .text.HAL_TIMEx_CommutCallback
                0x080037c0       0x14 ./Drivers/STM32F7xx_HAL_Driver/Src/stm32f7xx_hal_tim_ex.o
                0x080037c0                HAL_TIMEx_CommutCallback
 .text.HAL_TIMEx_BreakCallback
                0x080037d4       0x14 ./Drivers/STM32F7xx_HAL_Driver/Src/stm32f7xx_hal_tim_ex.o
                0x080037d4                HAL_TIMEx_BreakCallback
 .text.HAL_TIMEx_Break2Callback
                0x080037e8       0x14 ./Drivers/STM32F7xx_HAL_Driver/Src/stm32f7xx_hal_tim_ex.o
                0x080037e8                HAL_TIMEx_Break2Callback
 .text.HAL_UART_Init
                0x080037fc       0x9c ./Drivers/STM32F7xx_HAL_Driver/Src/stm32f7xx_hal_uart.o
                0x080037fc                HAL_UART_Init
 .text.HAL_UART_Transmit
                0x08003898      0x112 ./Drivers/STM32F7xx_HAL_Driver/Src/stm32f7xx_hal_uart.o
                0x08003898                HAL_UART_Transmit
 *fill*         0x080039aa        0x2 
 .text.UART_SetConfig
                0x080039ac      0x4c8 ./Drivers/STM32F7xx_HAL_Driver/Src/stm32f7xx_hal_uart.o
                0x080039ac                UART_SetConfig
 .text.UART_AdvFeatureConfig
                0x08003e74      0x144 ./Drivers/STM32F7xx_HAL_Driver/Src/stm32f7xx_hal_uart.o
                0x08003e74                UART_AdvFeatureConfig
 .text.UART_CheckIdleState
                0x08003fb8      0x150 ./Drivers/STM32F7xx_HAL_Driver/Src/stm32f7xx_hal_uart.o
                0x08003fb8                UART_CheckIdleState
 .text.UART_WaitOnFlagUntilTimeout
                0x08004108       0xda ./Drivers/STM32F7xx_HAL_Driver/Src/stm32f7xx_hal_uart.o
                0x08004108                UART_WaitOnFlagUntilTimeout
 .text.UART_EndRxTransfer
                0x080041e2       0xc8 ./Drivers/STM32F7xx_HAL_Driver/Src/stm32f7xx_hal_uart.o
 *fill*         0x080042aa        0x2 
 .text.USB_CoreInit
                0x080042ac       0xb4 ./Drivers/STM32F7xx_HAL_Driver/Src/stm32f7xx_ll_usb.o
                0x080042ac                USB_CoreInit
 .text.USB_DisableGlobalInt
                0x08004360       0x22 ./Drivers/STM32F7xx_HAL_Driver/Src/stm32f7xx_ll_usb.o
                0x08004360                USB_DisableGlobalInt
 .text.USB_SetCurrentMode
                0x08004382       0x98 ./Drivers/STM32F7xx_HAL_Driver/Src/stm32f7xx_ll_usb.o
                0x08004382                USB_SetCurrentMode
 *fill*         0x0800441a        0x2 
 .text.USB_DevInit
                0x0800441c      0x2bc ./Drivers/STM32F7xx_HAL_Driver/Src/stm32f7xx_ll_usb.o
                0x0800441c                USB_DevInit
 .text.USB_FlushTxFifo
                0x080046d8       0x64 ./Drivers/STM32F7xx_HAL_Driver/Src/stm32f7xx_ll_usb.o
                0x080046d8                USB_FlushTxFifo
 .text.USB_FlushRxFifo
                0x0800473c       0x5c ./Drivers/STM32F7xx_HAL_Driver/Src/stm32f7xx_ll_usb.o
                0x0800473c                USB_FlushRxFifo
 .text.USB_SetDevSpeed
                0x08004798       0x32 ./Drivers/STM32F7xx_HAL_Driver/Src/stm32f7xx_ll_usb.o
                0x08004798                USB_SetDevSpeed
 .text.USB_DevDisconnect
                0x080047ca       0x42 ./Drivers/STM32F7xx_HAL_Driver/Src/stm32f7xx_ll_usb.o
                0x080047ca                USB_DevDisconnect
 .text.USB_GetMode
                0x0800480c       0x1c ./Drivers/STM32F7xx_HAL_Driver/Src/stm32f7xx_ll_usb.o
                0x0800480c                USB_GetMode
 .text.USB_CoreReset
                0x08004828       0x70 ./Drivers/STM32F7xx_HAL_Driver/Src/stm32f7xx_ll_usb.o
 .text.SVC_Setup
                0x08004898        0xe ./Middlewares/Third_Party/FreeRTOS/Source/CMSIS_RTOS_V2/cmsis_os2.o
 *fill*         0x080048a6        0x2 
 .text.osKernelInitialize
                0x080048a8       0x68 ./Middlewares/Third_Party/FreeRTOS/Source/CMSIS_RTOS_V2/cmsis_os2.o
                0x080048a8                osKernelInitialize
 .text.osKernelStart
                0x08004910       0x6c ./Middlewares/Third_Party/FreeRTOS/Source/CMSIS_RTOS_V2/cmsis_os2.o
                0x08004910                osKernelStart
 .text.osThreadNew
                0x0800497c      0x14c ./Middlewares/Third_Party/FreeRTOS/Source/CMSIS_RTOS_V2/cmsis_os2.o
                0x0800497c                osThreadNew
 .text.osDelay  0x08004ac8       0x5c ./Middlewares/Third_Party/FreeRTOS/Source/CMSIS_RTOS_V2/cmsis_os2.o
                0x08004ac8                osDelay
 .text.osSemaphoreNew
                0x08004b24      0x138 ./Middlewares/Third_Party/FreeRTOS/Source/CMSIS_RTOS_V2/cmsis_os2.o
                0x08004b24                osSemaphoreNew
 .text.osSemaphoreAcquire
                0x08004c5c       0xcc ./Middlewares/Third_Party/FreeRTOS/Source/CMSIS_RTOS_V2/cmsis_os2.o
                0x08004c5c                osSemaphoreAcquire
 .text.osSemaphoreGetCount
                0x08004d28       0x64 ./Middlewares/Third_Party/FreeRTOS/Source/CMSIS_RTOS_V2/cmsis_os2.o
                0x08004d28                osSemaphoreGetCount
 .text.vApplicationGetIdleTaskMemory
                0x08004d8c       0x34 ./Middlewares/Third_Party/FreeRTOS/Source/CMSIS_RTOS_V2/cmsis_os2.o
                0x08004d8c                vApplicationGetIdleTaskMemory
 .text.vApplicationGetTimerTaskMemory
                0x08004dc0       0x34 ./Middlewares/Third_Party/FreeRTOS/Source/CMSIS_RTOS_V2/cmsis_os2.o
                0x08004dc0                vApplicationGetTimerTaskMemory
 .text.vListInitialise
                0x08004df4       0x40 ./Middlewares/Third_Party/FreeRTOS/Source/list.o
                0x08004df4                vListInitialise
 .text.vListInitialiseItem
                0x08004e34       0x1a ./Middlewares/Third_Party/FreeRTOS/Source/list.o
                0x08004e34                vListInitialiseItem
 .text.vListInsertEnd
                0x08004e4e       0x48 ./Middlewares/Third_Party/FreeRTOS/Source/list.o
                0x08004e4e                vListInsertEnd
 .text.vListInsert
                0x08004e96       0x72 ./Middlewares/Third_Party/FreeRTOS/Source/list.o
                0x08004e96                vListInsert
 .text.uxListRemove
                0x08004f08       0x54 ./Middlewares/Third_Party/FreeRTOS/Source/list.o
                0x08004f08                uxListRemove
 .text.xQueueGenericReset
                0x08004f5c       0xd8 ./Middlewares/Third_Party/FreeRTOS/Source/queue.o
                0x08004f5c                xQueueGenericReset
 .text.xQueueGenericCreateStatic
                0x08005034      0x10e ./Middlewares/Third_Party/FreeRTOS/Source/queue.o
                0x08005034                xQueueGenericCreateStatic
 .text.xQueueGenericCreate
                0x08005142       0x86 ./Middlewares/Third_Party/FreeRTOS/Source/queue.o
                0x08005142                xQueueGenericCreate
 .text.prvInitialiseNewQueue
                0x080051c8       0x46 ./Middlewares/Third_Party/FreeRTOS/Source/queue.o
 .text.xQueueCreateCountingSemaphoreStatic
                0x0800520e       0x7a ./Middlewares/Third_Party/FreeRTOS/Source/queue.o
                0x0800520e                xQueueCreateCountingSemaphoreStatic
 .text.xQueueCreateCountingSemaphore
                0x08005288       0x72 ./Middlewares/Third_Party/FreeRTOS/Source/queue.o
                0x08005288                xQueueCreateCountingSemaphore
 *fill*         0x080052fa        0x2 
 .text.xQueueGenericSend
                0x080052fc      0x214 ./Middlewares/Third_Party/FreeRTOS/Source/queue.o
                0x080052fc                xQueueGenericSend
 .text.xQueueGenericSendFromISR
                0x08005510      0x146 ./Middlewares/Third_Party/FreeRTOS/Source/queue.o
                0x08005510                xQueueGenericSendFromISR
 *fill*         0x08005656        0x2 
 .text.xQueueReceive
                0x08005658      0x1d0 ./Middlewares/Third_Party/FreeRTOS/Source/queue.o
                0x08005658                xQueueReceive
 .text.xQueueSemaphoreTake
                0x08005828      0x230 ./Middlewares/Third_Party/FreeRTOS/Source/queue.o
                0x08005828                xQueueSemaphoreTake
 .text.xQueueReceiveFromISR
                0x08005a58      0x110 ./Middlewares/Third_Party/FreeRTOS/Source/queue.o
                0x08005a58                xQueueReceiveFromISR
 .text.uxQueueMessagesWaiting
                0x08005b68       0x42 ./Middlewares/Third_Party/FreeRTOS/Source/queue.o
                0x08005b68                uxQueueMessagesWaiting
 .text.uxQueueMessagesWaitingFromISR
                0x08005baa       0x42 ./Middlewares/Third_Party/FreeRTOS/Source/queue.o
                0x08005baa                uxQueueMessagesWaitingFromISR
 .text.vQueueDelete
                0x08005bec       0x4c ./Middlewares/Third_Party/FreeRTOS/Source/queue.o
                0x08005bec                vQueueDelete
 .text.prvGetDisinheritPriorityAfterTimeout
                0x08005c38       0x30 ./Middlewares/Third_Party/FreeRTOS/Source/queue.o
 .text.prvCopyDataToQueue
                0x08005c68       0xd4 ./Middlewares/Third_Party/FreeRTOS/Source/queue.o
 .text.prvCopyDataFromQueue
                0x08005d3c       0x4c ./Middlewares/Third_Party/FreeRTOS/Source/queue.o
 .text.prvUnlockQueue
                0x08005d88       0xa4 ./Middlewares/Third_Party/FreeRTOS/Source/queue.o
 .text.prvIsQueueEmpty
                0x08005e2c       0x2c ./Middlewares/Third_Party/FreeRTOS/Source/queue.o
 .text.prvIsQueueFull
                0x08005e58       0x30 ./Middlewares/Third_Party/FreeRTOS/Source/queue.o
 .text.vQueueAddToRegistry
                0x08005e88       0x54 ./Middlewares/Third_Party/FreeRTOS/Source/queue.o
                0x08005e88                vQueueAddToRegistry
 .text.vQueueUnregisterQueue
                0x08005edc       0x54 ./Middlewares/Third_Party/FreeRTOS/Source/queue.o
                0x08005edc                vQueueUnregisterQueue
 .text.vQueueWaitForMessageRestricted
                0x08005f30       0x68 ./Middlewares/Third_Party/FreeRTOS/Source/queue.o
                0x08005f30                vQueueWaitForMessageRestricted
 .text.xTaskCreateStatic
                0x08005f98       0xcc ./Middlewares/Third_Party/FreeRTOS/Source/tasks.o
                0x08005f98                xTaskCreateStatic
 .text.xTaskCreate
                0x08006064       0x8a ./Middlewares/Third_Party/FreeRTOS/Source/tasks.o
                0x08006064                xTaskCreate
 *fill*         0x080060ee        0x2 
 .text.prvInitialiseNewTask
                0x080060f0      0x154 ./Middlewares/Third_Party/FreeRTOS/Source/tasks.o
 .text.prvAddNewTaskToReadyList
                0x08006244       0xe0 ./Middlewares/Third_Party/FreeRTOS/Source/tasks.o
 .text.vTaskDelay
                0x08006324       0x70 ./Middlewares/Third_Party/FreeRTOS/Source/tasks.o
                0x08006324                vTaskDelay
 .text.vTaskStartScheduler
                0x08006394       0xe8 ./Middlewares/Third_Party/FreeRTOS/Source/tasks.o
                0x08006394                vTaskStartScheduler
 .text.vTaskSuspendAll
                0x0800647c       0x1c ./Middlewares/Third_Party/FreeRTOS/Source/tasks.o
                0x0800647c                vTaskSuspendAll
 .text.xTaskResumeAll
                0x08006498      0x140 ./Middlewares/Third_Party/FreeRTOS/Source/tasks.o
                0x08006498                xTaskResumeAll
 .text.xTaskGetTickCount
                0x080065d8       0x20 ./Middlewares/Third_Party/FreeRTOS/Source/tasks.o
                0x080065d8                xTaskGetTickCount
 .text.xTaskIncrementTick
                0x080065f8      0x178 ./Middlewares/Third_Party/FreeRTOS/Source/tasks.o
                0x080065f8                xTaskIncrementTick
 .text.vTaskSwitchContext
                0x08006770       0xd0 ./Middlewares/Third_Party/FreeRTOS/Source/tasks.o
                0x08006770                vTaskSwitchContext
 .text.vTaskPlaceOnEventList
                0x08006840       0x50 ./Middlewares/Third_Party/FreeRTOS/Source/tasks.o
                0x08006840                vTaskPlaceOnEventList
 .text.vTaskPlaceOnEventListRestricted
                0x08006890       0x5c ./Middlewares/Third_Party/FreeRTOS/Source/tasks.o
                0x08006890                vTaskPlaceOnEventListRestricted
 .text.xTaskRemoveFromEventList
                0x080068ec       0xcc ./Middlewares/Third_Party/FreeRTOS/Source/tasks.o
                0x080068ec                xTaskRemoveFromEventList
 .text.vTaskInternalSetTimeOutState
                0x080069b8       0x2c ./Middlewares/Third_Party/FreeRTOS/Source/tasks.o
                0x080069b8                vTaskInternalSetTimeOutState
 .text.xTaskCheckForTimeOut
                0x080069e4       0xd0 ./Middlewares/Third_Party/FreeRTOS/Source/tasks.o
                0x080069e4                xTaskCheckForTimeOut
 .text.vTaskMissedYield
                0x08006ab4       0x18 ./Middlewares/Third_Party/FreeRTOS/Source/tasks.o
                0x08006ab4                vTaskMissedYield
 .text.prvIdleTask
                0x08006acc       0x30 ./Middlewares/Third_Party/FreeRTOS/Source/tasks.o
 .text.prvInitialiseTaskLists
                0x08006afc       0x80 ./Middlewares/Third_Party/FreeRTOS/Source/tasks.o
 .text.prvCheckTasksWaitingTermination
                0x08006b7c       0x5c ./Middlewares/Third_Party/FreeRTOS/Source/tasks.o
 .text.prvDeleteTCB
                0x08006bd8       0x6e ./Middlewares/Third_Party/FreeRTOS/Source/tasks.o
 *fill*         0x08006c46        0x2 
 .text.prvResetNextTaskUnblockTime
                0x08006c48       0x40 ./Middlewares/Third_Party/FreeRTOS/Source/tasks.o
 .text.xTaskGetSchedulerState
                0x08006c88       0x3c ./Middlewares/Third_Party/FreeRTOS/Source/tasks.o
                0x08006c88                xTaskGetSchedulerState
 .text.xTaskPriorityInherit
                0x08006cc4       0xd0 ./Middlewares/Third_Party/FreeRTOS/Source/tasks.o
                0x08006cc4                xTaskPriorityInherit
 .text.xTaskPriorityDisinherit
                0x08006d94       0xe8 ./Middlewares/Third_Party/FreeRTOS/Source/tasks.o
                0x08006d94                xTaskPriorityDisinherit
 .text.vTaskPriorityDisinheritAfterTimeout
                0x08006e7c      0x110 ./Middlewares/Third_Party/FreeRTOS/Source/tasks.o
                0x08006e7c                vTaskPriorityDisinheritAfterTimeout
 .text.pvTaskIncrementMutexHeldCount
                0x08006f8c       0x28 ./Middlewares/Third_Party/FreeRTOS/Source/tasks.o
                0x08006f8c                pvTaskIncrementMutexHeldCount
 .text.prvAddCurrentTaskToDelayedList
                0x08006fb4       0xa8 ./Middlewares/Third_Party/FreeRTOS/Source/tasks.o
 .text.xTimerCreateTimerTask
                0x0800705c       0x98 ./Middlewares/Third_Party/FreeRTOS/Source/timers.o
                0x0800705c                xTimerCreateTimerTask
 .text.xTimerGenericCommand
                0x080070f4       0xa0 ./Middlewares/Third_Party/FreeRTOS/Source/timers.o
                0x080070f4                xTimerGenericCommand
 .text.prvProcessExpiredTimer
                0x08007194       0xa0 ./Middlewares/Third_Party/FreeRTOS/Source/timers.o
 .text.prvTimerTask
                0x08007234       0x26 ./Middlewares/Third_Party/FreeRTOS/Source/timers.o
 *fill*         0x0800725a        0x2 
 .text.prvProcessTimerOrBlockTask
                0x0800725c       0x9c ./Middlewares/Third_Party/FreeRTOS/Source/timers.o
 .text.prvGetNextExpireTime
                0x080072f8       0x48 ./Middlewares/Third_Party/FreeRTOS/Source/timers.o
 .text.prvSampleTimeNow
                0x08007340       0x40 ./Middlewares/Third_Party/FreeRTOS/Source/timers.o
 .text.prvInsertTimerInActiveList
                0x08007380       0x84 ./Middlewares/Third_Party/FreeRTOS/Source/timers.o
 .text.prvProcessReceivedCommands
                0x08007404      0x1d8 ./Middlewares/Third_Party/FreeRTOS/Source/timers.o
 .text.prvSwitchTimerLists
                0x080075dc       0xd0 ./Middlewares/Third_Party/FreeRTOS/Source/timers.o
 .text.prvCheckForValidListAndQueue
                0x080076ac       0x80 ./Middlewares/Third_Party/FreeRTOS/Source/timers.o
 .text.pxPortInitialiseStack
                0x0800772c       0x68 ./Middlewares/Third_Party/FreeRTOS/Source/portable/GCC/ARM_CM7/r0p1/port.o
                0x0800772c                pxPortInitialiseStack
 .text.prvTaskExitError
                0x08007794       0x64 ./Middlewares/Third_Party/FreeRTOS/Source/portable/GCC/ARM_CM7/r0p1/port.o
 *fill*         0x080077f8        0x8 
 .text.SVC_Handler
                0x08007800       0x28 ./Middlewares/Third_Party/FreeRTOS/Source/portable/GCC/ARM_CM7/r0p1/port.o
                0x08007800                SVC_Handler
 .text.prvPortStartFirstTask
                0x08007828       0x28 ./Middlewares/Third_Party/FreeRTOS/Source/portable/GCC/ARM_CM7/r0p1/port.o
 .text.xPortStartScheduler
                0x08007850       0xfc ./Middlewares/Third_Party/FreeRTOS/Source/portable/GCC/ARM_CM7/r0p1/port.o
                0x08007850                xPortStartScheduler
 .text.vPortEnterCritical
                0x0800794c       0x6c ./Middlewares/Third_Party/FreeRTOS/Source/portable/GCC/ARM_CM7/r0p1/port.o
                0x0800794c                vPortEnterCritical
 .text.vPortExitCritical
                0x080079b8       0x58 ./Middlewares/Third_Party/FreeRTOS/Source/portable/GCC/ARM_CM7/r0p1/port.o
                0x080079b8                vPortExitCritical
 .text.PendSV_Handler
                0x08007a10       0x68 ./Middlewares/Third_Party/FreeRTOS/Source/portable/GCC/ARM_CM7/r0p1/port.o
                0x08007a10                PendSV_Handler
 .text.SysTick_Handler
                0x08007a78       0x48 ./Middlewares/Third_Party/FreeRTOS/Source/portable/GCC/ARM_CM7/r0p1/port.o
                0x08007a78                SysTick_Handler
 .text.vPortSetupTimerInterrupt
                0x08007ac0       0x48 ./Middlewares/Third_Party/FreeRTOS/Source/portable/GCC/ARM_CM7/r0p1/port.o
                0x08007ac0                vPortSetupTimerInterrupt
 .text.vPortEnableVFP
                0x08007b08       0x14 ./Middlewares/Third_Party/FreeRTOS/Source/portable/GCC/ARM_CM7/r0p1/port.o
 .text.vPortValidateInterruptPriority
                0x08007b1c       0x8c ./Middlewares/Third_Party/FreeRTOS/Source/portable/GCC/ARM_CM7/r0p1/port.o
                0x08007b1c                vPortValidateInterruptPriority
 .text.pvPortMalloc
                0x08007ba8      0x19c ./Middlewares/Third_Party/FreeRTOS/Source/portable/MemMang/heap_4.o
                0x08007ba8                pvPortMalloc
 .text.vPortFree
                0x08007d44       0xc0 ./Middlewares/Third_Party/FreeRTOS/Source/portable/MemMang/heap_4.o
                0x08007d44                vPortFree
 .text.prvHeapInit
                0x08007e04       0xc4 ./Middlewares/Third_Party/FreeRTOS/Source/portable/MemMang/heap_4.o
 .text.prvInsertBlockIntoFreeList
                0x08007ec8       0xb4 ./Middlewares/Third_Party/FreeRTOS/Source/portable/MemMang/heap_4.o
 .text.memset   0x08007f7c       0x10 C:/ST/STM32CubeIDE_1.16.0/STM32CubeIDE/plugins/com.st.stm32cube.ide.mcu.externaltools.gnu-tools-for-stm32.13.3.rel1.win32_1.0.0.202411081344/tools/bin/../lib/gcc/arm-none-eabi/13.3.1/../../../../arm-none-eabi/lib/thumb/v7e-m+dp/hard\libc_nano.a(libc_a-memset.o)
                0x08007f7c                memset
 .text._reclaim_reent
                0x08007f8c       0xbc C:/ST/STM32CubeIDE_1.16.0/STM32CubeIDE/plugins/com.st.stm32cube.ide.mcu.externaltools.gnu-tools-for-stm32.13.3.rel1.win32_1.0.0.202411081344/tools/bin/../lib/gcc/arm-none-eabi/13.3.1/../../../../arm-none-eabi/lib/thumb/v7e-m+dp/hard\libc_nano.a(libc_a-reent.o)
                0x08007f8c                _reclaim_reent
 .text.__libc_init_array
                0x08008048       0x48 C:/ST/STM32CubeIDE_1.16.0/STM32CubeIDE/plugins/com.st.stm32cube.ide.mcu.externaltools.gnu-tools-for-stm32.13.3.rel1.win32_1.0.0.202411081344/tools/bin/../lib/gcc/arm-none-eabi/13.3.1/../../../../arm-none-eabi/lib/thumb/v7e-m+dp/hard\libc_nano.a(libc_a-init.o)
                0x08008048                __libc_init_array
 .text.__retarget_lock_acquire_recursive
                0x08008090        0x2 C:/ST/STM32CubeIDE_1.16.0/STM32CubeIDE/plugins/com.st.stm32cube.ide.mcu.externaltools.gnu-tools-for-stm32.13.3.rel1.win32_1.0.0.202411081344/tools/bin/../lib/gcc/arm-none-eabi/13.3.1/../../../../arm-none-eabi/lib/thumb/v7e-m+dp/hard\libc_nano.a(libc_a-lock.o)
                0x08008090                __retarget_lock_acquire_recursive
 .text.__retarget_lock_release_recursive
                0x08008092        0x2 C:/ST/STM32CubeIDE_1.16.0/STM32CubeIDE/plugins/com.st.stm32cube.ide.mcu.externaltools.gnu-tools-for-stm32.13.3.rel1.win32_1.0.0.202411081344/tools/bin/../lib/gcc/arm-none-eabi/13.3.1/../../../../arm-none-eabi/lib/thumb/v7e-m+dp/hard\libc_nano.a(libc_a-lock.o)
                0x08008092                __retarget_lock_release_recursive
 .text.memcpy   0x08008094       0x1c C:/ST/STM32CubeIDE_1.16.0/STM32CubeIDE/plugins/com.st.stm32cube.ide.mcu.externaltools.gnu-tools-for-stm32.13.3.rel1.win32_1.0.0.202411081344/tools/bin/../lib/gcc/arm-none-eabi/13.3.1/../../../../arm-none-eabi/lib/thumb/v7e-m+dp/hard\libc_nano.a(libc_a-memcpy-stub.o)
                0x08008094                memcpy
 .text._free_r  0x080080b0       0x94 C:/ST/STM32CubeIDE_1.16.0/STM32CubeIDE/plugins/com.st.stm32cube.ide.mcu.externaltools.gnu-tools-for-stm32.13.3.rel1.win32_1.0.0.202411081344/tools/bin/../lib/gcc/arm-none-eabi/13.3.1/../../../../arm-none-eabi/lib/thumb/v7e-m+dp/hard\libc_nano.a(libc_a-freer.o)
                0x080080b0                _free_r
 .text.__malloc_lock
                0x08008144        0xc C:/ST/STM32CubeIDE_1.16.0/STM32CubeIDE/plugins/com.st.stm32cube.ide.mcu.externaltools.gnu-tools-for-stm32.13.3.rel1.win32_1.0.0.202411081344/tools/bin/../lib/gcc/arm-none-eabi/13.3.1/../../../../arm-none-eabi/lib/thumb/v7e-m+dp/hard\libc_nano.a(libc_a-mlock.o)
                0x08008144                __malloc_lock
 .text.__malloc_unlock
                0x08008150        0xc C:/ST/STM32CubeIDE_1.16.0/STM32CubeIDE/plugins/com.st.stm32cube.ide.mcu.externaltools.gnu-tools-for-stm32.13.3.rel1.win32_1.0.0.202411081344/tools/bin/../lib/gcc/arm-none-eabi/13.3.1/../../../../arm-none-eabi/lib/thumb/v7e-m+dp/hard\libc_nano.a(libc_a-mlock.o)
                0x08008150                __malloc_unlock
 *(.glue_7)
 .glue_7        0x0800815c        0x0 linker stubs
 *(.glue_7t)
 .glue_7t       0x0800815c        0x0 linker stubs
 *(.eh_frame)
 .eh_frame      0x0800815c        0x0 C:/ST/STM32CubeIDE_1.16.0/STM32CubeIDE/plugins/com.st.stm32cube.ide.mcu.externaltools.gnu-tools-for-stm32.13.3.rel1.win32_1.0.0.202411081344/tools/bin/../lib/gcc/arm-none-eabi/13.3.1/thumb/v7e-m+dp/hard/crtbegin.o
 *(.init)
 .init          0x0800815c        0x4 C:/ST/STM32CubeIDE_1.16.0/STM32CubeIDE/plugins/com.st.stm32cube.ide.mcu.externaltools.gnu-tools-for-stm32.13.3.rel1.win32_1.0.0.202411081344/tools/bin/../lib/gcc/arm-none-eabi/13.3.1/thumb/v7e-m+dp/hard/crti.o
                0x0800815c                _init
 .init          0x08008160        0x8 C:/ST/STM32CubeIDE_1.16.0/STM32CubeIDE/plugins/com.st.stm32cube.ide.mcu.externaltools.gnu-tools-for-stm32.13.3.rel1.win32_1.0.0.202411081344/tools/bin/../lib/gcc/arm-none-eabi/13.3.1/thumb/v7e-m+dp/hard/crtn.o
 *(.fini)
 .fini          0x08008168        0x4 C:/ST/STM32CubeIDE_1.16.0/STM32CubeIDE/plugins/com.st.stm32cube.ide.mcu.externaltools.gnu-tools-for-stm32.13.3.rel1.win32_1.0.0.202411081344/tools/bin/../lib/gcc/arm-none-eabi/13.3.1/thumb/v7e-m+dp/hard/crti.o
                0x08008168                _fini
 .fini          0x0800816c        0x8 C:/ST/STM32CubeIDE_1.16.0/STM32CubeIDE/plugins/com.st.stm32cube.ide.mcu.externaltools.gnu-tools-for-stm32.13.3.rel1.win32_1.0.0.202411081344/tools/bin/../lib/gcc/arm-none-eabi/13.3.1/thumb/v7e-m+dp/hard/crtn.o
                0x08008174                        . = ALIGN (0x4)
                0x08008174                        _etext = .

.vfp11_veneer   0x08008174        0x0
 .vfp11_veneer  0x08008174        0x0 linker stubs

.v4_bx          0x08008174        0x0
 .v4_bx         0x08008174        0x0 linker stubs

.iplt           0x08008174        0x0
 .iplt          0x08008174        0x0 C:/ST/STM32CubeIDE_1.16.0/STM32CubeIDE/plugins/com.st.stm32cube.ide.mcu.externaltools.gnu-tools-for-stm32.13.3.rel1.win32_1.0.0.202411081344/tools/bin/../lib/gcc/arm-none-eabi/13.3.1/thumb/v7e-m+dp/hard/crtbegin.o

.rodata         0x08008174      0x11c
                0x08008174                        . = ALIGN (0x4)
 *(.rodata)
 .rodata        0x08008174       0x6e ./Core/Src/main.o
 *fill*         0x080081e2        0x2 
 .rodata        0x080081e4        0x5 ./Middlewares/Third_Party/FreeRTOS/Source/tasks.o
 *fill*         0x080081e9        0x3 
 .rodata        0x080081ec        0xd ./Middlewares/Third_Party/FreeRTOS/Source/timers.o
 *(.rodata*)
 *fill*         0x080081f9        0x3 
 .rodata.Task01_attributes
                0x080081fc       0x24 ./Core/Src/main.o
                0x080081fc                Task01_attributes
 .rodata.Task02_attributes
                0x08008220       0x24 ./Core/Src/main.o
                0x08008220                Task02_attributes
 .rodata.Task03_attributes
                0x08008244       0x24 ./Core/Src/main.o
                0x08008244                Task03_attributes
 .rodata.Semaforocont_attributes
                0x08008268       0x10 ./Core/Src/main.o
                0x08008268                Semaforocont_attributes
 .rodata.AHBPrescTable
                0x08008278       0x10 ./Core/Src/system_stm32f7xx.o
                0x08008278                AHBPrescTable
 .rodata.APBPrescTable
                0x08008288        0x8 ./Core/Src/system_stm32f7xx.o
                0x08008288                APBPrescTable
                0x08008290                        . = ALIGN (0x4)

.ARM.extab      0x08008290        0x0
                0x08008290                        . = ALIGN (0x4)
 *(.ARM.extab* .gnu.linkonce.armextab.*)
                0x08008290                        . = ALIGN (0x4)

.ARM            0x08008290        0x8
                0x08008290                        . = ALIGN (0x4)
                0x08008290                        __exidx_start = .
 *(.ARM.exidx*)
 .ARM.exidx     0x08008290        0x8 C:/ST/STM32CubeIDE_1.16.0/STM32CubeIDE/plugins/com.st.stm32cube.ide.mcu.externaltools.gnu-tools-for-stm32.13.3.rel1.win32_1.0.0.202411081344/tools/bin/../lib/gcc/arm-none-eabi/13.3.1/../../../../arm-none-eabi/lib/thumb/v7e-m+dp/hard\libc_nano.a(libc_a-strlen.o)
 .ARM.exidx     0x08008298        0x0 C:/ST/STM32CubeIDE_1.16.0/STM32CubeIDE/plugins/com.st.stm32cube.ide.mcu.externaltools.gnu-tools-for-stm32.13.3.rel1.win32_1.0.0.202411081344/tools/bin/../lib/gcc/arm-none-eabi/13.3.1/thumb/v7e-m+dp/hard\libgcc.a(_udivmoddi4.o)
                                  0x8 (size before relaxing)
                0x08008298                        __exidx_end = .
                0x08008298                        . = ALIGN (0x4)

.preinit_array  0x08008298        0x0
                0x08008298                        . = ALIGN (0x4)
                0x08008298                        PROVIDE (__preinit_array_start = .)
 *(.preinit_array*)
                0x08008298                        PROVIDE (__preinit_array_end = .)
                0x08008298                        . = ALIGN (0x4)

.init_array     0x08008298        0x4
                0x08008298                        . = ALIGN (0x4)
                0x08008298                        PROVIDE (__init_array_start = .)
 *(SORT_BY_NAME(.init_array.*))
 *(.init_array*)
 .init_array    0x08008298        0x4 C:/ST/STM32CubeIDE_1.16.0/STM32CubeIDE/plugins/com.st.stm32cube.ide.mcu.externaltools.gnu-tools-for-stm32.13.3.rel1.win32_1.0.0.202411081344/tools/bin/../lib/gcc/arm-none-eabi/13.3.1/thumb/v7e-m+dp/hard/crtbegin.o
                0x0800829c                        PROVIDE (__init_array_end = .)
                0x0800829c                        . = ALIGN (0x4)

.fini_array     0x0800829c        0x4
                0x0800829c                        . = ALIGN (0x4)
                [!provide]                        PROVIDE (__fini_array_start = .)
 *(SORT_BY_NAME(.fini_array.*))
 *(.fini_array*)
 .fini_array    0x0800829c        0x4 C:/ST/STM32CubeIDE_1.16.0/STM32CubeIDE/plugins/com.st.stm32cube.ide.mcu.externaltools.gnu-tools-for-stm32.13.3.rel1.win32_1.0.0.202411081344/tools/bin/../lib/gcc/arm-none-eabi/13.3.1/thumb/v7e-m+dp/hard/crtbegin.o
                [!provide]                        PROVIDE (__fini_array_end = .)
                0x080082a0                        . = ALIGN (0x4)
                0x080082a0                        _sidata = LOADADDR (.data)

.rel.dyn        0x080082a0        0x0
 .rel.iplt      0x080082a0        0x0 C:/ST/STM32CubeIDE_1.16.0/STM32CubeIDE/plugins/com.st.stm32cube.ide.mcu.externaltools.gnu-tools-for-stm32.13.3.rel1.win32_1.0.0.202411081344/tools/bin/../lib/gcc/arm-none-eabi/13.3.1/thumb/v7e-m+dp/hard/crtbegin.o

.data           0x20000000       0x60 load address 0x080082a0
                0x20000000                        . = ALIGN (0x4)
                0x20000000                        _sdata = .
 *(.data)
 *(.data*)
 .data.SystemCoreClock
                0x20000000        0x4 ./Core/Src/system_stm32f7xx.o
                0x20000000                SystemCoreClock
 .data.uwTickPrio
                0x20000004        0x4 ./Drivers/STM32F7xx_HAL_Driver/Src/stm32f7xx_hal.o
                0x20000004                uwTickPrio
 .data.uwTickFreq
                0x20000008        0x1 ./Drivers/STM32F7xx_HAL_Driver/Src/stm32f7xx_hal.o
                0x20000008                uwTickFreq
 *fill*         0x20000009        0x3 
 .data.uxCriticalNesting
                0x2000000c        0x4 ./Middlewares/Third_Party/FreeRTOS/Source/portable/GCC/ARM_CM7/r0p1/port.o
 .data._impure_ptr
                0x20000010        0x4 C:/ST/STM32CubeIDE_1.16.0/STM32CubeIDE/plugins/com.st.stm32cube.ide.mcu.externaltools.gnu-tools-for-stm32.13.3.rel1.win32_1.0.0.202411081344/tools/bin/../lib/gcc/arm-none-eabi/13.3.1/../../../../arm-none-eabi/lib/thumb/v7e-m+dp/hard\libc_nano.a(libc_a-impure.o)
                0x20000010                _impure_ptr
 .data._impure_data
                0x20000014       0x4c C:/ST/STM32CubeIDE_1.16.0/STM32CubeIDE/plugins/com.st.stm32cube.ide.mcu.externaltools.gnu-tools-for-stm32.13.3.rel1.win32_1.0.0.202411081344/tools/bin/../lib/gcc/arm-none-eabi/13.3.1/../../../../arm-none-eabi/lib/thumb/v7e-m+dp/hard\libc_nano.a(libc_a-impure.o)
                0x20000014                _impure_data
 *(.RamFunc)
 *(.RamFunc*)
                0x20000060                        . = ALIGN (0x4)
                0x20000060                        _edata = .

.igot.plt       0x20000060        0x0 load address 0x08008300
 .igot.plt      0x20000060        0x0 C:/ST/STM32CubeIDE_1.16.0/STM32CubeIDE/plugins/com.st.stm32cube.ide.mcu.externaltools.gnu-tools-for-stm32.13.3.rel1.win32_1.0.0.202411081344/tools/bin/../lib/gcc/arm-none-eabi/13.3.1/thumb/v7e-m+dp/hard/crtbegin.o

.RxDecripSection
                0x20000060       0xa0 load address 0x08008300
 .RxDecripSection
                0x20000060       0xa0 ./Core/Src/main.o
                0x20000060                DMARxDscrTab

.TxDecripSection
                0x20000100       0xa0 load address 0x080083a0
 .TxDecripSection
                0x20000100       0xa0 ./Core/Src/main.o
                0x20000100                DMATxDscrTab
                0x200001a0                        . = ALIGN (0x4)

.bss            0x200001a0     0x51f8 load address 0x08008440
                0x200001a0                        _sbss = .
                0x200001a0                        __bss_start__ = _sbss
 *(.bss)
 .bss           0x200001a0       0x1c C:/ST/STM32CubeIDE_1.16.0/STM32CubeIDE/plugins/com.st.stm32cube.ide.mcu.externaltools.gnu-tools-for-stm32.13.3.rel1.win32_1.0.0.202411081344/tools/bin/../lib/gcc/arm-none-eabi/13.3.1/thumb/v7e-m+dp/hard/crtbegin.o
 *(.bss*)
 .bss.TxConfig  0x200001bc       0x38 ./Core/Src/main.o
                0x200001bc                TxConfig
 .bss.heth      0x200001f4       0xb0 ./Core/Src/main.o
                0x200001f4                heth
 .bss.huart3    0x200002a4       0x88 ./Core/Src/main.o
                0x200002a4                huart3
 .bss.hpcd_USB_OTG_FS
                0x2000032c      0x4e0 ./Core/Src/main.o
                0x2000032c                hpcd_USB_OTG_FS
 .bss.Task01Handle
                0x2000080c        0x4 ./Core/Src/main.o
                0x2000080c                Task01Handle
 .bss.Task02Handle
                0x20000810        0x4 ./Core/Src/main.o
                0x20000810                Task02Handle
 .bss.Task03Handle
                0x20000814        0x4 ./Core/Src/main.o
                0x20000814                Task03Handle
 .bss.SemaforocontHandle
                0x20000818        0x4 ./Core/Src/main.o
                0x20000818                SemaforocontHandle
 .bss.cont      0x2000081c        0x1 ./Core/Src/main.o
                0x2000081c                cont
 *fill*         0x2000081d        0x3 
 .bss.MACAddr.0
                0x20000820        0x6 ./Core/Src/main.o
 *fill*         0x20000826        0x2 
 .bss.htim1     0x20000828       0x4c ./Core/Src/stm32f7xx_hal_timebase_tim.o
                0x20000828                htim1
 .bss.uwTick    0x20000874        0x4 ./Drivers/STM32F7xx_HAL_Driver/Src/stm32f7xx_hal.o
                0x20000874                uwTick
 .bss.KernelState
                0x20000878        0x4 ./Middlewares/Third_Party/FreeRTOS/Source/CMSIS_RTOS_V2/cmsis_os2.o
 .bss.Idle_TCB  0x2000087c       0xa8 ./Middlewares/Third_Party/FreeRTOS/Source/CMSIS_RTOS_V2/cmsis_os2.o
 .bss.Idle_Stack
                0x20000924      0x200 ./Middlewares/Third_Party/FreeRTOS/Source/CMSIS_RTOS_V2/cmsis_os2.o
 .bss.Timer_TCB
                0x20000b24       0xa8 ./Middlewares/Third_Party/FreeRTOS/Source/CMSIS_RTOS_V2/cmsis_os2.o
 .bss.Timer_Stack
                0x20000bcc      0x400 ./Middlewares/Third_Party/FreeRTOS/Source/CMSIS_RTOS_V2/cmsis_os2.o
 .bss.xQueueRegistry
                0x20000fcc       0x40 ./Middlewares/Third_Party/FreeRTOS/Source/queue.o
                0x20000fcc                xQueueRegistry
 .bss.pxCurrentTCB
                0x2000100c        0x4 ./Middlewares/Third_Party/FreeRTOS/Source/tasks.o
                0x2000100c                pxCurrentTCB
 .bss.pxReadyTasksLists
                0x20001010      0x460 ./Middlewares/Third_Party/FreeRTOS/Source/tasks.o
 .bss.xDelayedTaskList1
                0x20001470       0x14 ./Middlewares/Third_Party/FreeRTOS/Source/tasks.o
 .bss.xDelayedTaskList2
                0x20001484       0x14 ./Middlewares/Third_Party/FreeRTOS/Source/tasks.o
 .bss.pxDelayedTaskList
                0x20001498        0x4 ./Middlewares/Third_Party/FreeRTOS/Source/tasks.o
 .bss.pxOverflowDelayedTaskList
                0x2000149c        0x4 ./Middlewares/Third_Party/FreeRTOS/Source/tasks.o
 .bss.xPendingReadyList
                0x200014a0       0x14 ./Middlewares/Third_Party/FreeRTOS/Source/tasks.o
 .bss.xTasksWaitingTermination
                0x200014b4       0x14 ./Middlewares/Third_Party/FreeRTOS/Source/tasks.o
 .bss.uxDeletedTasksWaitingCleanUp
                0x200014c8        0x4 ./Middlewares/Third_Party/FreeRTOS/Source/tasks.o
 .bss.xSuspendedTaskList
                0x200014cc       0x14 ./Middlewares/Third_Party/FreeRTOS/Source/tasks.o
 .bss.uxCurrentNumberOfTasks
                0x200014e0        0x4 ./Middlewares/Third_Party/FreeRTOS/Source/tasks.o
 .bss.xTickCount
                0x200014e4        0x4 ./Middlewares/Third_Party/FreeRTOS/Source/tasks.o
 .bss.uxTopReadyPriority
                0x200014e8        0x4 ./Middlewares/Third_Party/FreeRTOS/Source/tasks.o
 .bss.xSchedulerRunning
                0x200014ec        0x4 ./Middlewares/Third_Party/FreeRTOS/Source/tasks.o
 .bss.uxPendedTicks
                0x200014f0        0x4 ./Middlewares/Third_Party/FreeRTOS/Source/tasks.o
 .bss.xYieldPending
                0x200014f4        0x4 ./Middlewares/Third_Party/FreeRTOS/Source/tasks.o
 .bss.xNumOfOverflows
                0x200014f8        0x4 ./Middlewares/Third_Party/FreeRTOS/Source/tasks.o
 .bss.uxTaskNumber
                0x200014fc        0x4 ./Middlewares/Third_Party/FreeRTOS/Source/tasks.o
 .bss.xNextTaskUnblockTime
                0x20001500        0x4 ./Middlewares/Third_Party/FreeRTOS/Source/tasks.o
 .bss.xIdleTaskHandle
                0x20001504        0x4 ./Middlewares/Third_Party/FreeRTOS/Source/tasks.o
 .bss.uxSchedulerSuspended
                0x20001508        0x4 ./Middlewares/Third_Party/FreeRTOS/Source/tasks.o
 .bss.xActiveTimerList1
                0x2000150c       0x14 ./Middlewares/Third_Party/FreeRTOS/Source/timers.o
 .bss.xActiveTimerList2
                0x20001520       0x14 ./Middlewares/Third_Party/FreeRTOS/Source/timers.o
 .bss.pxCurrentTimerList
                0x20001534        0x4 ./Middlewares/Third_Party/FreeRTOS/Source/timers.o
 .bss.pxOverflowTimerList
                0x20001538        0x4 ./Middlewares/Third_Party/FreeRTOS/Source/timers.o
 .bss.xTimerQueue
                0x2000153c        0x4 ./Middlewares/Third_Party/FreeRTOS/Source/timers.o
 .bss.xTimerTaskHandle
                0x20001540        0x4 ./Middlewares/Third_Party/FreeRTOS/Source/timers.o
 .bss.xLastTime.2
                0x20001544        0x4 ./Middlewares/Third_Party/FreeRTOS/Source/timers.o
 .bss.ucStaticTimerQueueStorage.1
                0x20001548       0xa0 ./Middlewares/Third_Party/FreeRTOS/Source/timers.o
 .bss.xStaticTimerQueue.0
                0x200015e8       0x50 ./Middlewares/Third_Party/FreeRTOS/Source/timers.o
 .bss.ucMaxSysCallPriority
                0x20001638        0x1 ./Middlewares/Third_Party/FreeRTOS/Source/portable/GCC/ARM_CM7/r0p1/port.o
 *fill*         0x20001639        0x3 
 .bss.ulMaxPRIGROUPValue
                0x2000163c        0x4 ./Middlewares/Third_Party/FreeRTOS/Source/portable/GCC/ARM_CM7/r0p1/port.o
 .bss.ucHeap    0x20001640     0x3c00 ./Middlewares/Third_Party/FreeRTOS/Source/portable/MemMang/heap_4.o
 .bss.xStart    0x20005240        0x8 ./Middlewares/Third_Party/FreeRTOS/Source/portable/MemMang/heap_4.o
 .bss.pxEnd     0x20005248        0x4 ./Middlewares/Third_Party/FreeRTOS/Source/portable/MemMang/heap_4.o
 .bss.xFreeBytesRemaining
                0x2000524c        0x4 ./Middlewares/Third_Party/FreeRTOS/Source/portable/MemMang/heap_4.o
 .bss.xMinimumEverFreeBytesRemaining
                0x20005250        0x4 ./Middlewares/Third_Party/FreeRTOS/Source/portable/MemMang/heap_4.o
 .bss.xBlockAllocatedBit
                0x20005254        0x4 ./Middlewares/Third_Party/FreeRTOS/Source/portable/MemMang/heap_4.o
 .bss.__sf      0x20005258      0x138 C:/ST/STM32CubeIDE_1.16.0/STM32CubeIDE/plugins/com.st.stm32cube.ide.mcu.externaltools.gnu-tools-for-stm32.13.3.rel1.win32_1.0.0.202411081344/tools/bin/../lib/gcc/arm-none-eabi/13.3.1/../../../../arm-none-eabi/lib/thumb/v7e-m+dp/hard\libc_nano.a(libc_a-findfp.o)
                0x20005258                __sf
 .bss.__lock___malloc_recursive_mutex
                0x20005390        0x1 C:/ST/STM32CubeIDE_1.16.0/STM32CubeIDE/plugins/com.st.stm32cube.ide.mcu.externaltools.gnu-tools-for-stm32.13.3.rel1.win32_1.0.0.202411081344/tools/bin/../lib/gcc/arm-none-eabi/13.3.1/../../../../arm-none-eabi/lib/thumb/v7e-m+dp/hard\libc_nano.a(libc_a-lock.o)
                0x20005390                __lock___malloc_recursive_mutex
 *fill*         0x20005391        0x3 
 .bss.__malloc_free_list
                0x20005394        0x4 C:/ST/STM32CubeIDE_1.16.0/STM32CubeIDE/plugins/com.st.stm32cube.ide.mcu.externaltools.gnu-tools-for-stm32.13.3.rel1.win32_1.0.0.202411081344/tools/bin/../lib/gcc/arm-none-eabi/13.3.1/../../../../arm-none-eabi/lib/thumb/v7e-m+dp/hard\libc_nano.a(libc_a-mallocr.o)
                0x20005394                __malloc_free_list
 *(COMMON)
                0x20005398                        . = ALIGN (0x4)
                0x20005398                        _ebss = .
                0x20005398                        __bss_end__ = _ebss

._user_heap_stack
                0x20005398      0x600 load address 0x08008440
                0x20005398                        . = ALIGN (0x8)
                [!provide]                        PROVIDE (end = .)
                0x20005398                        PROVIDE (_end = .)
                0x20005598                        . = (. + _Min_Heap_Size)
 *fill*         0x20005398      0x200 
                0x20005998                        . = (. + _Min_Stack_Size)
 *fill*         0x20005598      0x400 
                0x20005998                        . = ALIGN (0x8)

/DISCARD/
 libc.a(*)
 libm.a(*)
 libgcc.a(*)

.ARM.attributes
                0x00000000       0x2e
 *(.ARM.attributes)
 .ARM.attributes
                0x00000000       0x20 C:/ST/STM32CubeIDE_1.16.0/STM32CubeIDE/plugins/com.st.stm32cube.ide.mcu.externaltools.gnu-tools-for-stm32.13.3.rel1.win32_1.0.0.202411081344/tools/bin/../lib/gcc/arm-none-eabi/13.3.1/thumb/v7e-m+dp/hard/crti.o
 .ARM.attributes
                0x00000020       0x32 C:/ST/STM32CubeIDE_1.16.0/STM32CubeIDE/plugins/com.st.stm32cube.ide.mcu.externaltools.gnu-tools-for-stm32.13.3.rel1.win32_1.0.0.202411081344/tools/bin/../lib/gcc/arm-none-eabi/13.3.1/thumb/v7e-m+dp/hard/crtbegin.o
 .ARM.attributes
                0x00000052       0x32 ./Core/Src/main.o
 .ARM.attributes
                0x00000084       0x32 ./Core/Src/stm32f7xx_hal_msp.o
 .ARM.attributes
                0x000000b6       0x32 ./Core/Src/stm32f7xx_hal_timebase_tim.o
 .ARM.attributes
                0x000000e8       0x32 ./Core/Src/stm32f7xx_it.o
 .ARM.attributes
                0x0000011a       0x32 ./Core/Src/system_stm32f7xx.o
 .ARM.attributes
                0x0000014c       0x21 ./Core/Startup/startup_stm32f767zitx.o
 .ARM.attributes
                0x0000016d       0x32 ./Drivers/STM32F7xx_HAL_Driver/Src/stm32f7xx_hal.o
 .ARM.attributes
                0x0000019f       0x32 ./Drivers/STM32F7xx_HAL_Driver/Src/stm32f7xx_hal_cortex.o
 .ARM.attributes
                0x000001d1       0x32 ./Drivers/STM32F7xx_HAL_Driver/Src/stm32f7xx_hal_eth.o
 .ARM.attributes
                0x00000203       0x32 ./Drivers/STM32F7xx_HAL_Driver/Src/stm32f7xx_hal_gpio.o
 .ARM.attributes
                0x00000235       0x32 ./Drivers/STM32F7xx_HAL_Driver/Src/stm32f7xx_hal_pcd.o
 .ARM.attributes
                0x00000267       0x32 ./Drivers/STM32F7xx_HAL_Driver/Src/stm32f7xx_hal_pcd_ex.o
 .ARM.attributes
                0x00000299       0x32 ./Drivers/STM32F7xx_HAL_Driver/Src/stm32f7xx_hal_pwr.o
 .ARM.attributes
                0x000002cb       0x32 ./Drivers/STM32F7xx_HAL_Driver/Src/stm32f7xx_hal_pwr_ex.o
 .ARM.attributes
                0x000002fd       0x32 ./Drivers/STM32F7xx_HAL_Driver/Src/stm32f7xx_hal_rcc.o
 .ARM.attributes
                0x0000032f       0x32 ./Drivers/STM32F7xx_HAL_Driver/Src/stm32f7xx_hal_rcc_ex.o
 .ARM.attributes
                0x00000361       0x32 ./Drivers/STM32F7xx_HAL_Driver/Src/stm32f7xx_hal_tim.o
 .ARM.attributes
                0x00000393       0x32 ./Drivers/STM32F7xx_HAL_Driver/Src/stm32f7xx_hal_tim_ex.o
 .ARM.attributes
                0x000003c5       0x32 ./Drivers/STM32F7xx_HAL_Driver/Src/stm32f7xx_hal_uart.o
 .ARM.attributes
                0x000003f7       0x32 ./Drivers/STM32F7xx_HAL_Driver/Src/stm32f7xx_ll_usb.o
 .ARM.attributes
                0x00000429       0x32 ./Middlewares/Third_Party/FreeRTOS/Source/CMSIS_RTOS_V2/cmsis_os2.o
 .ARM.attributes
                0x0000045b       0x32 ./Middlewares/Third_Party/FreeRTOS/Source/list.o
 .ARM.attributes
                0x0000048d       0x32 ./Middlewares/Third_Party/FreeRTOS/Source/queue.o
 .ARM.attributes
                0x000004bf       0x32 ./Middlewares/Third_Party/FreeRTOS/Source/tasks.o
 .ARM.attributes
                0x000004f1       0x32 ./Middlewares/Third_Party/FreeRTOS/Source/timers.o
 .ARM.attributes
                0x00000523       0x32 ./Middlewares/Third_Party/FreeRTOS/Source/portable/GCC/ARM_CM7/r0p1/port.o
 .ARM.attributes
                0x00000555       0x32 ./Middlewares/Third_Party/FreeRTOS/Source/portable/MemMang/heap_4.o
 .ARM.attributes
                0x00000587       0x32 C:/ST/STM32CubeIDE_1.16.0/STM32CubeIDE/plugins/com.st.stm32cube.ide.mcu.externaltools.gnu-tools-for-stm32.13.3.rel1.win32_1.0.0.202411081344/tools/bin/../lib/gcc/arm-none-eabi/13.3.1/../../../../arm-none-eabi/lib/thumb/v7e-m+dp/hard\libc_nano.a(libc_a-findfp.o)
 .ARM.attributes
                0x000005b9       0x32 C:/ST/STM32CubeIDE_1.16.0/STM32CubeIDE/plugins/com.st.stm32cube.ide.mcu.externaltools.gnu-tools-for-stm32.13.3.rel1.win32_1.0.0.202411081344/tools/bin/../lib/gcc/arm-none-eabi/13.3.1/../../../../arm-none-eabi/lib/thumb/v7e-m+dp/hard\libc_nano.a(libc_a-memset.o)
 .ARM.attributes
                0x000005eb       0x32 C:/ST/STM32CubeIDE_1.16.0/STM32CubeIDE/plugins/com.st.stm32cube.ide.mcu.externaltools.gnu-tools-for-stm32.13.3.rel1.win32_1.0.0.202411081344/tools/bin/../lib/gcc/arm-none-eabi/13.3.1/../../../../arm-none-eabi/lib/thumb/v7e-m+dp/hard\libc_nano.a(libc_a-reent.o)
 .ARM.attributes
                0x0000061d       0x32 C:/ST/STM32CubeIDE_1.16.0/STM32CubeIDE/plugins/com.st.stm32cube.ide.mcu.externaltools.gnu-tools-for-stm32.13.3.rel1.win32_1.0.0.202411081344/tools/bin/../lib/gcc/arm-none-eabi/13.3.1/../../../../arm-none-eabi/lib/thumb/v7e-m+dp/hard\libc_nano.a(libc_a-impure.o)
 .ARM.attributes
                0x0000064f       0x32 C:/ST/STM32CubeIDE_1.16.0/STM32CubeIDE/plugins/com.st.stm32cube.ide.mcu.externaltools.gnu-tools-for-stm32.13.3.rel1.win32_1.0.0.202411081344/tools/bin/../lib/gcc/arm-none-eabi/13.3.1/../../../../arm-none-eabi/lib/thumb/v7e-m+dp/hard\libc_nano.a(libc_a-init.o)
 .ARM.attributes
                0x00000681       0x32 C:/ST/STM32CubeIDE_1.16.0/STM32CubeIDE/plugins/com.st.stm32cube.ide.mcu.externaltools.gnu-tools-for-stm32.13.3.rel1.win32_1.0.0.202411081344/tools/bin/../lib/gcc/arm-none-eabi/13.3.1/../../../../arm-none-eabi/lib/thumb/v7e-m+dp/hard\libc_nano.a(libc_a-lock.o)
 .ARM.attributes
                0x000006b3       0x32 C:/ST/STM32CubeIDE_1.16.0/STM32CubeIDE/plugins/com.st.stm32cube.ide.mcu.externaltools.gnu-tools-for-stm32.13.3.rel1.win32_1.0.0.202411081344/tools/bin/../lib/gcc/arm-none-eabi/13.3.1/../../../../arm-none-eabi/lib/thumb/v7e-m+dp/hard\libc_nano.a(libc_a-memcpy-stub.o)
 .ARM.attributes
                0x000006e5       0x17 C:/ST/STM32CubeIDE_1.16.0/STM32CubeIDE/plugins/com.st.stm32cube.ide.mcu.externaltools.gnu-tools-for-stm32.13.3.rel1.win32_1.0.0.202411081344/tools/bin/../lib/gcc/arm-none-eabi/13.3.1/../../../../arm-none-eabi/lib/thumb/v7e-m+dp/hard\libc_nano.a(libc_a-strlen.o)
 .ARM.attributes
                0x000006fc       0x32 C:/ST/STM32CubeIDE_1.16.0/STM32CubeIDE/plugins/com.st.stm32cube.ide.mcu.externaltools.gnu-tools-for-stm32.13.3.rel1.win32_1.0.0.202411081344/tools/bin/../lib/gcc/arm-none-eabi/13.3.1/../../../../arm-none-eabi/lib/thumb/v7e-m+dp/hard\libc_nano.a(libc_a-freer.o)
 .ARM.attributes
                0x0000072e       0x32 C:/ST/STM32CubeIDE_1.16.0/STM32CubeIDE/plugins/com.st.stm32cube.ide.mcu.externaltools.gnu-tools-for-stm32.13.3.rel1.win32_1.0.0.202411081344/tools/bin/../lib/gcc/arm-none-eabi/13.3.1/../../../../arm-none-eabi/lib/thumb/v7e-m+dp/hard\libc_nano.a(libc_a-mallocr.o)
 .ARM.attributes
                0x00000760       0x32 C:/ST/STM32CubeIDE_1.16.0/STM32CubeIDE/plugins/com.st.stm32cube.ide.mcu.externaltools.gnu-tools-for-stm32.13.3.rel1.win32_1.0.0.202411081344/tools/bin/../lib/gcc/arm-none-eabi/13.3.1/../../../../arm-none-eabi/lib/thumb/v7e-m+dp/hard\libc_nano.a(libc_a-mlock.o)
 .ARM.attributes
                0x00000792       0x20 C:/ST/STM32CubeIDE_1.16.0/STM32CubeIDE/plugins/com.st.stm32cube.ide.mcu.externaltools.gnu-tools-for-stm32.13.3.rel1.win32_1.0.0.202411081344/tools/bin/../lib/gcc/arm-none-eabi/13.3.1/thumb/v7e-m+dp/hard\libgcc.a(_aeabi_uldivmod.o)
 .ARM.attributes
                0x000007b2       0x32 C:/ST/STM32CubeIDE_1.16.0/STM32CubeIDE/plugins/com.st.stm32cube.ide.mcu.externaltools.gnu-tools-for-stm32.13.3.rel1.win32_1.0.0.202411081344/tools/bin/../lib/gcc/arm-none-eabi/13.3.1/thumb/v7e-m+dp/hard\libgcc.a(_udivmoddi4.o)
 .ARM.attributes
                0x000007e4       0x20 C:/ST/STM32CubeIDE_1.16.0/STM32CubeIDE/plugins/com.st.stm32cube.ide.mcu.externaltools.gnu-tools-for-stm32.13.3.rel1.win32_1.0.0.202411081344/tools/bin/../lib/gcc/arm-none-eabi/13.3.1/thumb/v7e-m+dp/hard\libgcc.a(_dvmd_tls.o)
 .ARM.attributes
                0x00000804       0x20 C:/ST/STM32CubeIDE_1.16.0/STM32CubeIDE/plugins/com.st.stm32cube.ide.mcu.externaltools.gnu-tools-for-stm32.13.3.rel1.win32_1.0.0.202411081344/tools/bin/../lib/gcc/arm-none-eabi/13.3.1/thumb/v7e-m+dp/hard/crtn.o
OUTPUT(exercicio1_aula4.elf elf32-littlearm)
LOAD linker stubs
LOAD C:/ST/STM32CubeIDE_1.16.0/STM32CubeIDE/plugins/com.st.stm32cube.ide.mcu.externaltools.gnu-tools-for-stm32.13.3.rel1.win32_1.0.0.202411081344/tools/bin/../lib/gcc/arm-none-eabi/13.3.1/../../../../arm-none-eabi/lib/thumb/v7e-m+dp/hard\libc.a
LOAD C:/ST/STM32CubeIDE_1.16.0/STM32CubeIDE/plugins/com.st.stm32cube.ide.mcu.externaltools.gnu-tools-for-stm32.13.3.rel1.win32_1.0.0.202411081344/tools/bin/../lib/gcc/arm-none-eabi/13.3.1/../../../../arm-none-eabi/lib/thumb/v7e-m+dp/hard\libm.a
LOAD C:/ST/STM32CubeIDE_1.16.0/STM32CubeIDE/plugins/com.st.stm32cube.ide.mcu.externaltools.gnu-tools-for-stm32.13.3.rel1.win32_1.0.0.202411081344/tools/bin/../lib/gcc/arm-none-eabi/13.3.1/thumb/v7e-m+dp/hard\libgcc.a

.debug_info     0x00000000    0x221db
 .debug_info    0x00000000     0x25a0 ./Core/Src/main.o
 .debug_info    0x000025a0     0x1e8a ./Core/Src/stm32f7xx_hal_msp.o
 .debug_info    0x0000442a      0xd0f ./Core/Src/stm32f7xx_hal_timebase_tim.o
 .debug_info    0x00005139      0x70e ./Core/Src/stm32f7xx_it.o
 .debug_info    0x00005847      0x6ed ./Core/Src/system_stm32f7xx.o
 .debug_info    0x00005f34       0x30 ./Core/Startup/startup_stm32f767zitx.o
 .debug_info    0x00005f64      0xa4c ./Drivers/STM32F7xx_HAL_Driver/Src/stm32f7xx_hal.o
 .debug_info    0x000069b0      0xfc0 ./Drivers/STM32F7xx_HAL_Driver/Src/stm32f7xx_hal_cortex.o
 .debug_info    0x00007970     0x21b6 ./Drivers/STM32F7xx_HAL_Driver/Src/stm32f7xx_hal_eth.o
 .debug_info    0x00009b26      0x6f3 ./Drivers/STM32F7xx_HAL_Driver/Src/stm32f7xx_hal_gpio.o
 .debug_info    0x0000a219     0x1599 ./Drivers/STM32F7xx_HAL_Driver/Src/stm32f7xx_hal_pcd.o
 .debug_info    0x0000b7b2      0x7a3 ./Drivers/STM32F7xx_HAL_Driver/Src/stm32f7xx_hal_pcd_ex.o
 .debug_info    0x0000bf55      0x90e ./Drivers/STM32F7xx_HAL_Driver/Src/stm32f7xx_hal_pwr.o
 .debug_info    0x0000c863      0x8cd ./Drivers/STM32F7xx_HAL_Driver/Src/stm32f7xx_hal_pwr_ex.o
 .debug_info    0x0000d130      0x94b ./Drivers/STM32F7xx_HAL_Driver/Src/stm32f7xx_hal_rcc.o
 .debug_info    0x0000da7b      0x6e1 ./Drivers/STM32F7xx_HAL_Driver/Src/stm32f7xx_hal_rcc_ex.o
 .debug_info    0x0000e15c     0x2ad5 ./Drivers/STM32F7xx_HAL_Driver/Src/stm32f7xx_hal_tim.o
 .debug_info    0x00010c31     0x16bb ./Drivers/STM32F7xx_HAL_Driver/Src/stm32f7xx_hal_tim_ex.o
 .debug_info    0x000122ec     0x3b13 ./Drivers/STM32F7xx_HAL_Driver/Src/stm32f7xx_hal_uart.o
 .debug_info    0x00015dff     0x19fc ./Drivers/STM32F7xx_HAL_Driver/Src/stm32f7xx_ll_usb.o
 .debug_info    0x000177fb     0x4058 ./Middlewares/Third_Party/FreeRTOS/Source/CMSIS_RTOS_V2/cmsis_os2.o
 .debug_info    0x0001b853      0x2af ./Middlewares/Third_Party/FreeRTOS/Source/list.o
 .debug_info    0x0001bb02     0x1b68 ./Middlewares/Third_Party/FreeRTOS/Source/queue.o
 .debug_info    0x0001d66a     0x2818 ./Middlewares/Third_Party/FreeRTOS/Source/tasks.o
 .debug_info    0x0001fe82     0x1aef ./Middlewares/Third_Party/FreeRTOS/Source/timers.o
 .debug_info    0x00021971      0x4a7 ./Middlewares/Third_Party/FreeRTOS/Source/portable/GCC/ARM_CM7/r0p1/port.o
 .debug_info    0x00021e18      0x3c3 ./Middlewares/Third_Party/FreeRTOS/Source/portable/MemMang/heap_4.o

.debug_abbrev   0x00000000     0x41bb
 .debug_abbrev  0x00000000      0x373 ./Core/Src/main.o
 .debug_abbrev  0x00000373      0x29a ./Core/Src/stm32f7xx_hal_msp.o
 .debug_abbrev  0x0000060d      0x1f4 ./Core/Src/stm32f7xx_hal_timebase_tim.o
 .debug_abbrev  0x00000801      0x17d ./Core/Src/stm32f7xx_it.o
 .debug_abbrev  0x0000097e      0x13b ./Core/Src/system_stm32f7xx.o
 .debug_abbrev  0x00000ab9       0x24 ./Core/Startup/startup_stm32f767zitx.o
 .debug_abbrev  0x00000add      0x213 ./Drivers/STM32F7xx_HAL_Driver/Src/stm32f7xx_hal.o
 .debug_abbrev  0x00000cf0      0x31e ./Drivers/STM32F7xx_HAL_Driver/Src/stm32f7xx_hal_cortex.o
 .debug_abbrev  0x0000100e      0x35a ./Drivers/STM32F7xx_HAL_Driver/Src/stm32f7xx_hal_eth.o
 .debug_abbrev  0x00001368      0x1d4 ./Drivers/STM32F7xx_HAL_Driver/Src/stm32f7xx_hal_gpio.o
 .debug_abbrev  0x0000153c      0x2ee ./Drivers/STM32F7xx_HAL_Driver/Src/stm32f7xx_hal_pcd.o
 .debug_abbrev  0x0000182a      0x1ca ./Drivers/STM32F7xx_HAL_Driver/Src/stm32f7xx_hal_pcd_ex.o
 .debug_abbrev  0x000019f4      0x1c5 ./Drivers/STM32F7xx_HAL_Driver/Src/stm32f7xx_hal_pwr.o
 .debug_abbrev  0x00001bb9      0x1d5 ./Drivers/STM32F7xx_HAL_Driver/Src/stm32f7xx_hal_pwr_ex.o
 .debug_abbrev  0x00001d8e      0x2de ./Drivers/STM32F7xx_HAL_Driver/Src/stm32f7xx_hal_rcc.o
 .debug_abbrev  0x0000206c      0x1c9 ./Drivers/STM32F7xx_HAL_Driver/Src/stm32f7xx_hal_rcc_ex.o
 .debug_abbrev  0x00002235      0x278 ./Drivers/STM32F7xx_HAL_Driver/Src/stm32f7xx_hal_tim.o
 .debug_abbrev  0x000024ad      0x283 ./Drivers/STM32F7xx_HAL_Driver/Src/stm32f7xx_hal_tim_ex.o
 .debug_abbrev  0x00002730      0x2e6 ./Drivers/STM32F7xx_HAL_Driver/Src/stm32f7xx_hal_uart.o
 .debug_abbrev  0x00002a16      0x293 ./Drivers/STM32F7xx_HAL_Driver/Src/stm32f7xx_ll_usb.o
 .debug_abbrev  0x00002ca9      0x48d ./Middlewares/Third_Party/FreeRTOS/Source/CMSIS_RTOS_V2/cmsis_os2.o
 .debug_abbrev  0x00003136       0xf5 ./Middlewares/Third_Party/FreeRTOS/Source/list.o
 .debug_abbrev  0x0000322b      0x3b6 ./Middlewares/Third_Party/FreeRTOS/Source/queue.o
 .debug_abbrev  0x000035e1      0x3fe ./Middlewares/Third_Party/FreeRTOS/Source/tasks.o
 .debug_abbrev  0x000039df      0x368 ./Middlewares/Third_Party/FreeRTOS/Source/timers.o
 .debug_abbrev  0x00003d47      0x26f ./Middlewares/Third_Party/FreeRTOS/Source/portable/GCC/ARM_CM7/r0p1/port.o
 .debug_abbrev  0x00003fb6      0x205 ./Middlewares/Third_Party/FreeRTOS/Source/portable/MemMang/heap_4.o

.debug_aranges  0x00000000     0x1a30
 .debug_aranges
                0x00000000       0x70 ./Core/Src/main.o
 .debug_aranges
                0x00000070       0x50 ./Core/Src/stm32f7xx_hal_msp.o
 .debug_aranges
                0x000000c0       0x30 ./Core/Src/stm32f7xx_hal_timebase_tim.o
 .debug_aranges
                0x000000f0       0x50 ./Core/Src/stm32f7xx_it.o
 .debug_aranges
                0x00000140       0x28 ./Core/Src/system_stm32f7xx.o
 .debug_aranges
                0x00000168       0x28 ./Core/Startup/startup_stm32f767zitx.o
 .debug_aranges
                0x00000190      0x110 ./Drivers/STM32F7xx_HAL_Driver/Src/stm32f7xx_hal.o
 .debug_aranges
                0x000002a0      0x128 ./Drivers/STM32F7xx_HAL_Driver/Src/stm32f7xx_hal_cortex.o
 .debug_aranges
                0x000003c8      0x1e8 ./Drivers/STM32F7xx_HAL_Driver/Src/stm32f7xx_hal_eth.o
 .debug_aranges
                0x000005b0       0x58 ./Drivers/STM32F7xx_HAL_Driver/Src/stm32f7xx_hal_gpio.o
 .debug_aranges
                0x00000608      0x148 ./Drivers/STM32F7xx_HAL_Driver/Src/stm32f7xx_hal_pcd.o
 .debug_aranges
                0x00000750       0x48 ./Drivers/STM32F7xx_HAL_Driver/Src/stm32f7xx_hal_pcd_ex.o
 .debug_aranges
                0x00000798       0xa0 ./Drivers/STM32F7xx_HAL_Driver/Src/stm32f7xx_hal_pwr.o
 .debug_aranges
                0x00000838       0x80 ./Drivers/STM32F7xx_HAL_Driver/Src/stm32f7xx_hal_pwr_ex.o
 .debug_aranges
                0x000008b8       0x88 ./Drivers/STM32F7xx_HAL_Driver/Src/stm32f7xx_hal_rcc.o
 .debug_aranges
                0x00000940       0x50 ./Drivers/STM32F7xx_HAL_Driver/Src/stm32f7xx_hal_rcc_ex.o
 .debug_aranges
                0x00000990      0x3e0 ./Drivers/STM32F7xx_HAL_Driver/Src/stm32f7xx_hal_tim.o
 .debug_aranges
                0x00000d70      0x180 ./Drivers/STM32F7xx_HAL_Driver/Src/stm32f7xx_hal_tim_ex.o
 .debug_aranges
                0x00000ef0      0x230 ./Drivers/STM32F7xx_HAL_Driver/Src/stm32f7xx_hal_uart.o
 .debug_aranges
                0x00001120      0x1a0 ./Drivers/STM32F7xx_HAL_Driver/Src/stm32f7xx_ll_usb.o
 .debug_aranges
                0x000012c0      0x228 ./Middlewares/Third_Party/FreeRTOS/Source/CMSIS_RTOS_V2/cmsis_os2.o
 .debug_aranges
                0x000014e8       0x40 ./Middlewares/Third_Party/FreeRTOS/Source/list.o
 .debug_aranges
                0x00001528      0x158 ./Middlewares/Third_Party/FreeRTOS/Source/queue.o
 .debug_aranges
                0x00001680      0x1f8 ./Middlewares/Third_Party/FreeRTOS/Source/tasks.o
 .debug_aranges
                0x00001878       0xe8 ./Middlewares/Third_Party/FreeRTOS/Source/timers.o
 .debug_aranges
                0x00001960       0x80 ./Middlewares/Third_Party/FreeRTOS/Source/portable/GCC/ARM_CM7/r0p1/port.o
 .debug_aranges
                0x000019e0       0x50 ./Middlewares/Third_Party/FreeRTOS/Source/portable/MemMang/heap_4.o

.debug_rnglists
                0x00000000     0x146c
 .debug_rnglists
                0x00000000       0x53 ./Core/Src/main.o
 .debug_rnglists
                0x00000053       0x3a ./Core/Src/stm32f7xx_hal_msp.o
 .debug_rnglists
                0x0000008d       0x20 ./Core/Src/stm32f7xx_hal_timebase_tim.o
 .debug_rnglists
                0x000000ad       0x37 ./Core/Src/stm32f7xx_it.o
 .debug_rnglists
                0x000000e4       0x1a ./Core/Src/system_stm32f7xx.o
 .debug_rnglists
                0x000000fe       0x19 ./Core/Startup/startup_stm32f767zitx.o
 .debug_rnglists
                0x00000117       0xc7 ./Drivers/STM32F7xx_HAL_Driver/Src/stm32f7xx_hal.o
 .debug_rnglists
                0x000001de       0xda ./Drivers/STM32F7xx_HAL_Driver/Src/stm32f7xx_hal_cortex.o
 .debug_rnglists
                0x000002b8      0x183 ./Drivers/STM32F7xx_HAL_Driver/Src/stm32f7xx_hal_eth.o
 .debug_rnglists
                0x0000043b       0x3f ./Drivers/STM32F7xx_HAL_Driver/Src/stm32f7xx_hal_gpio.o
 .debug_rnglists
                0x0000047a       0xfa ./Drivers/STM32F7xx_HAL_Driver/Src/stm32f7xx_hal_pcd.o
 .debug_rnglists
                0x00000574       0x32 ./Drivers/STM32F7xx_HAL_Driver/Src/stm32f7xx_hal_pcd_ex.o
 .debug_rnglists
                0x000005a6       0x74 ./Drivers/STM32F7xx_HAL_Driver/Src/stm32f7xx_hal_pwr.o
 .debug_rnglists
                0x0000061a       0x5f ./Drivers/STM32F7xx_HAL_Driver/Src/stm32f7xx_hal_pwr_ex.o
 .debug_rnglists
                0x00000679       0x67 ./Drivers/STM32F7xx_HAL_Driver/Src/stm32f7xx_hal_rcc.o
 .debug_rnglists
                0x000006e0       0x3c ./Drivers/STM32F7xx_HAL_Driver/Src/stm32f7xx_hal_rcc_ex.o
 .debug_rnglists
                0x0000071c      0x328 ./Drivers/STM32F7xx_HAL_Driver/Src/stm32f7xx_hal_tim.o
 .debug_rnglists
                0x00000a44      0x138 ./Drivers/STM32F7xx_HAL_Driver/Src/stm32f7xx_hal_tim_ex.o
 .debug_rnglists
                0x00000b7c      0x1e0 ./Drivers/STM32F7xx_HAL_Driver/Src/stm32f7xx_hal_uart.o
 .debug_rnglists
                0x00000d5c      0x147 ./Drivers/STM32F7xx_HAL_Driver/Src/stm32f7xx_ll_usb.o
 .debug_rnglists
                0x00000ea3      0x1b5 ./Middlewares/Third_Party/FreeRTOS/Source/CMSIS_RTOS_V2/cmsis_os2.o
 .debug_rnglists
                0x00001058       0x2b ./Middlewares/Third_Party/FreeRTOS/Source/list.o
 .debug_rnglists
                0x00001083      0x10a ./Middlewares/Third_Party/FreeRTOS/Source/queue.o
 .debug_rnglists
                0x0000118d      0x195 ./Middlewares/Third_Party/FreeRTOS/Source/tasks.o
 .debug_rnglists
                0x00001322       0xb2 ./Middlewares/Third_Party/FreeRTOS/Source/timers.o
 .debug_rnglists
                0x000013d4       0x5d ./Middlewares/Third_Party/FreeRTOS/Source/portable/GCC/ARM_CM7/r0p1/port.o
 .debug_rnglists
                0x00001431       0x3b ./Middlewares/Third_Party/FreeRTOS/Source/portable/MemMang/heap_4.o

.debug_macro    0x00000000     0x4253
 .debug_macro   0x00000000      0x3c4 ./Core/Src/main.o
 .debug_macro   0x000003c4       0x63 ./Core/Src/main.o
 .debug_macro   0x00000427       0x10 ./Core/Src/main.o
 .debug_macro   0x00000437       0x20 ./Core/Src/main.o
 .debug_macro   0x00000457      0x13d ./Core/Src/main.o
 .debug_macro   0x00000594       0x16 ./Core/Src/main.o
 .debug_macro   0x000005aa       0x66 ./Core/Src/main.o
 .debug_macro   0x00000610       0x74 ./Core/Src/main.o
 .debug_macro   0x00000684       0xdd ./Core/Src/main.o
 .debug_macro   0x00000761       0x1c ./Core/Src/main.o
 .debug_macro   0x0000077d       0x10 ./Core/Src/main.o
 .debug_macro   0x0000078d       0x1c ./Core/Src/main.o
 .debug_macro   0x000007a9       0x16 ./Core/Src/main.o
 .debug_macro   0x000007bf      0x146 ./Core/Src/main.o
 .debug_macro   0x00000905      0x220 ./Core/Src/stm32f7xx_hal_msp.o
 .debug_macro   0x00000b25      0x211 ./Core/Src/stm32f7xx_hal_timebase_tim.o
 .debug_macro   0x00000d36      0x22a ./Core/Src/stm32f7xx_it.o
 .debug_macro   0x00000f60      0x211 ./Core/Src/system_stm32f7xx.o
 .debug_macro   0x00001171      0x235 ./Drivers/STM32F7xx_HAL_Driver/Src/stm32f7xx_hal.o
 .debug_macro   0x000013a6      0x211 ./Drivers/STM32F7xx_HAL_Driver/Src/stm32f7xx_hal_cortex.o
 .debug_macro   0x000015b7      0x2eb ./Drivers/STM32F7xx_HAL_Driver/Src/stm32f7xx_hal_eth.o
 .debug_macro   0x000018a2      0x217 ./Drivers/STM32F7xx_HAL_Driver/Src/stm32f7xx_hal_gpio.o
 .debug_macro   0x00001ab9      0x21d ./Drivers/STM32F7xx_HAL_Driver/Src/stm32f7xx_hal_pcd.o
 .debug_macro   0x00001cd6      0x211 ./Drivers/STM32F7xx_HAL_Driver/Src/stm32f7xx_hal_pcd_ex.o
 .debug_macro   0x00001ee7      0x22f ./Drivers/STM32F7xx_HAL_Driver/Src/stm32f7xx_hal_pwr.o
 .debug_macro   0x00002116      0x229 ./Drivers/STM32F7xx_HAL_Driver/Src/stm32f7xx_hal_pwr_ex.o
 .debug_macro   0x0000233f      0x235 ./Drivers/STM32F7xx_HAL_Driver/Src/stm32f7xx_hal_rcc.o
 .debug_macro   0x00002574      0x211 ./Drivers/STM32F7xx_HAL_Driver/Src/stm32f7xx_hal_rcc_ex.o
 .debug_macro   0x00002785      0x212 ./Drivers/STM32F7xx_HAL_Driver/Src/stm32f7xx_hal_tim.o
 .debug_macro   0x00002997      0x211 ./Drivers/STM32F7xx_HAL_Driver/Src/stm32f7xx_hal_tim_ex.o
 .debug_macro   0x00002ba8      0x22e ./Drivers/STM32F7xx_HAL_Driver/Src/stm32f7xx_hal_uart.o
 .debug_macro   0x00002dd6      0x211 ./Drivers/STM32F7xx_HAL_Driver/Src/stm32f7xx_ll_usb.o
 .debug_macro   0x00002fe7      0x259 ./Middlewares/Third_Party/FreeRTOS/Source/CMSIS_RTOS_V2/cmsis_os2.o
 .debug_macro   0x00003240       0x10 ./Middlewares/Third_Party/FreeRTOS/Source/CMSIS_RTOS_V2/cmsis_os2.o
 .debug_macro   0x00003250       0xd3 ./Middlewares/Third_Party/FreeRTOS/Source/CMSIS_RTOS_V2/cmsis_os2.o
 .debug_macro   0x00003323       0x91 ./Middlewares/Third_Party/FreeRTOS/Source/CMSIS_RTOS_V2/cmsis_os2.o
 .debug_macro   0x000033b4       0x8d ./Middlewares/Third_Party/FreeRTOS/Source/CMSIS_RTOS_V2/cmsis_os2.o
 .debug_macro   0x00003441       0x9a ./Middlewares/Third_Party/FreeRTOS/Source/CMSIS_RTOS_V2/cmsis_os2.o
 .debug_macro   0x000034db      0x199 ./Middlewares/Third_Party/FreeRTOS/Source/list.o
 .debug_macro   0x00003674      0x228 ./Middlewares/Third_Party/FreeRTOS/Source/queue.o
 .debug_macro   0x0000389c       0x16 ./Middlewares/Third_Party/FreeRTOS/Source/queue.o
 .debug_macro   0x000038b2       0x87 ./Middlewares/Third_Party/FreeRTOS/Source/queue.o
 .debug_macro   0x00003939      0x291 ./Middlewares/Third_Party/FreeRTOS/Source/tasks.o
 .debug_macro   0x00003bca       0x10 ./Middlewares/Third_Party/FreeRTOS/Source/tasks.o
 .debug_macro   0x00003bda      0x1ee ./Middlewares/Third_Party/FreeRTOS/Source/timers.o
 .debug_macro   0x00003dc8       0x97 ./Middlewares/Third_Party/FreeRTOS/Source/timers.o
 .debug_macro   0x00003e5f      0x234 ./Middlewares/Third_Party/FreeRTOS/Source/portable/GCC/ARM_CM7/r0p1/port.o
 .debug_macro   0x00004093      0x1c0 ./Middlewares/Third_Party/FreeRTOS/Source/portable/MemMang/heap_4.o

.debug_line     0x00000000    0x1ea92
 .debug_line    0x00000000      0xd48 ./Core/Src/main.o
 .debug_line    0x00000d48      0x92e ./Core/Src/stm32f7xx_hal_msp.o
 .debug_line    0x00001676      0x83b ./Core/Src/stm32f7xx_hal_timebase_tim.o
 .debug_line    0x00001eb1      0x858 ./Core/Src/stm32f7xx_it.o
 .debug_line    0x00002709      0x843 ./Core/Src/system_stm32f7xx.o
 .debug_line    0x00002f4c       0x7a ./Core/Startup/startup_stm32f767zitx.o
 .debug_line    0x00002fc6      0xb26 ./Drivers/STM32F7xx_HAL_Driver/Src/stm32f7xx_hal.o
 .debug_line    0x00003aec      0xd76 ./Drivers/STM32F7xx_HAL_Driver/Src/stm32f7xx_hal_cortex.o
 .debug_line    0x00004862     0x1ad6 ./Drivers/STM32F7xx_HAL_Driver/Src/stm32f7xx_hal_eth.o
 .debug_line    0x00006338      0xc50 ./Drivers/STM32F7xx_HAL_Driver/Src/stm32f7xx_hal_gpio.o
 .debug_line    0x00006f88     0x14ca ./Drivers/STM32F7xx_HAL_Driver/Src/stm32f7xx_hal_pcd.o
 .debug_line    0x00008452      0x8e1 ./Drivers/STM32F7xx_HAL_Driver/Src/stm32f7xx_hal_pcd_ex.o
 .debug_line    0x00008d33      0x9f6 ./Drivers/STM32F7xx_HAL_Driver/Src/stm32f7xx_hal_pwr.o
 .debug_line    0x00009729      0xac6 ./Drivers/STM32F7xx_HAL_Driver/Src/stm32f7xx_hal_pwr_ex.o
 .debug_line    0x0000a1ef     0x102d ./Drivers/STM32F7xx_HAL_Driver/Src/stm32f7xx_hal_rcc.o
 .debug_line    0x0000b21c      0xf79 ./Drivers/STM32F7xx_HAL_Driver/Src/stm32f7xx_hal_rcc_ex.o
 .debug_line    0x0000c195     0x3d91 ./Drivers/STM32F7xx_HAL_Driver/Src/stm32f7xx_hal_tim.o
 .debug_line    0x0000ff26     0x1bfc ./Drivers/STM32F7xx_HAL_Driver/Src/stm32f7xx_hal_tim_ex.o
 .debug_line    0x00011b22     0x2de2 ./Drivers/STM32F7xx_HAL_Driver/Src/stm32f7xx_hal_uart.o
 .debug_line    0x00014904     0x1dd7 ./Drivers/STM32F7xx_HAL_Driver/Src/stm32f7xx_ll_usb.o
 .debug_line    0x000166db     0x27d3 ./Middlewares/Third_Party/FreeRTOS/Source/CMSIS_RTOS_V2/cmsis_os2.o
 .debug_line    0x00018eae      0x79b ./Middlewares/Third_Party/FreeRTOS/Source/list.o
 .debug_line    0x00019649     0x1767 ./Middlewares/Third_Party/FreeRTOS/Source/queue.o
 .debug_line    0x0001adb0     0x1c8e ./Middlewares/Third_Party/FreeRTOS/Source/tasks.o
 .debug_line    0x0001ca3e      0xdc1 ./Middlewares/Third_Party/FreeRTOS/Source/timers.o
 .debug_line    0x0001d7ff      0x93d ./Middlewares/Third_Party/FreeRTOS/Source/portable/GCC/ARM_CM7/r0p1/port.o
 .debug_line    0x0001e13c      0x956 ./Middlewares/Third_Party/FreeRTOS/Source/portable/MemMang/heap_4.o

.debug_str      0x00000000   0x10e0fa
 .debug_str     0x00000000   0x10e0fa ./Core/Src/main.o
                             0x103685 (size before relaxing)
 .debug_str     0x0010e0fa    0xfb327 ./Core/Src/stm32f7xx_hal_msp.o
 .debug_str     0x0010e0fa    0xfa394 ./Core/Src/stm32f7xx_hal_timebase_tim.o
 .debug_str     0x0010e0fa    0xfa02d ./Core/Src/stm32f7xx_it.o
 .debug_str     0x0010e0fa    0xf97e3 ./Core/Src/system_stm32f7xx.o
 .debug_str     0x0010e0fa       0x80 ./Core/Startup/startup_stm32f767zitx.o
 .debug_str     0x0010e0fa    0xfa223 ./Drivers/STM32F7xx_HAL_Driver/Src/stm32f7xx_hal.o
 .debug_str     0x0010e0fa    0xfa205 ./Drivers/STM32F7xx_HAL_Driver/Src/stm32f7xx_hal_cortex.o
 .debug_str     0x0010e0fa    0xfb01f ./Drivers/STM32F7xx_HAL_Driver/Src/stm32f7xx_hal_eth.o
 .debug_str     0x0010e0fa    0xf98a1 ./Drivers/STM32F7xx_HAL_Driver/Src/stm32f7xx_hal_gpio.o
 .debug_str     0x0010e0fa    0xfa21c ./Drivers/STM32F7xx_HAL_Driver/Src/stm32f7xx_hal_pcd.o
 .debug_str     0x0010e0fa    0xf9b1e ./Drivers/STM32F7xx_HAL_Driver/Src/stm32f7xx_hal_pcd_ex.o
 .debug_str     0x0010e0fa    0xf9a84 ./Drivers/STM32F7xx_HAL_Driver/Src/stm32f7xx_hal_pwr.o
 .debug_str     0x0010e0fa    0xf9a52 ./Drivers/STM32F7xx_HAL_Driver/Src/stm32f7xx_hal_pwr_ex.o
 .debug_str     0x0010e0fa    0xf9b5e ./Drivers/STM32F7xx_HAL_Driver/Src/stm32f7xx_hal_rcc.o
 .debug_str     0x0010e0fa    0xf9ac1 ./Drivers/STM32F7xx_HAL_Driver/Src/stm32f7xx_hal_rcc_ex.o
 .debug_str     0x0010e0fa    0xfab06 ./Drivers/STM32F7xx_HAL_Driver/Src/stm32f7xx_hal_tim.o
 .debug_str     0x0010e0fa    0xfa40c ./Drivers/STM32F7xx_HAL_Driver/Src/stm32f7xx_hal_tim_ex.o
 .debug_str     0x0010e0fa    0xfa4ac ./Drivers/STM32F7xx_HAL_Driver/Src/stm32f7xx_hal_uart.o
 .debug_str     0x0010e0fa    0xfa0f9 ./Drivers/STM32F7xx_HAL_Driver/Src/stm32f7xx_ll_usb.o
 .debug_str     0x0010e0fa     0xf07e ./Middlewares/Third_Party/FreeRTOS/Source/CMSIS_RTOS_V2/cmsis_os2.o
 .debug_str     0x0010e0fa     0xab08 ./Middlewares/Third_Party/FreeRTOS/Source/list.o
 .debug_str     0x0010e0fa     0xc62e ./Middlewares/Third_Party/FreeRTOS/Source/queue.o
 .debug_str     0x0010e0fa     0xd408 ./Middlewares/Third_Party/FreeRTOS/Source/tasks.o
 .debug_str     0x0010e0fa     0xce7b ./Middlewares/Third_Party/FreeRTOS/Source/timers.o