../Core/Src/main.c:115:5:main	8	static
../Core/Src/main.c:204:6:SystemClock_Config	88	static
../Core/Src/main.c:262:13:MX_ETH_Init	8	static
../Core/Src/main.c:311:13:MX_USART3_UART_Init	8	static
../Core/Src/main.c:346:13:MX_USB_OTG_FS_PCD_Init	8	static
../Core/Src/main.c:381:13:MX_GPIO_Init	56	static
../Core/Src/main.c:444:6:Task01Fun	56	static
../Core/Src/main.c:466:6:Task02Fun	120	static
../Core/Src/main.c:500:6:HAL_TIM_PeriodElapsedCallback	16	static
../Core/Src/main.c:518:6:Error_Handler	4	static,ignoring_inline_asm
