../Core/Src/main.c:123:5:main	8	static
../Core/Src/main.c:216:6:SystemClock_Config	88	static
../Core/Src/main.c:274:13:MX_ETH_Init	8	static
../Core/Src/main.c:323:13:MX_USART3_UART_Init	8	static
../Core/Src/main.c:358:13:MX_USB_OTG_FS_PCD_Init	8	static
../Core/Src/main.c:393:13:MX_GPIO_Init	56	static
../Core/Src/main.c:456:6:Task01Fun	80	static
../Core/Src/main.c:491:6:Task02Fun	48	static
../Core/Src/main.c:521:6:Task03Fun	48	static
../Core/Src/main.c:550:6:HAL_TIM_PeriodElapsedCallback	16	static
../Core/Src/main.c:568:6:Error_Handler	4	static,ignoring_inline_asm
